Archive member included to satisfy reference by file (symbol)

c:/users/tummala.32/.vscode/extensions/chipcode-nl.gcc-arm-windows-1.0.1/bin/../lib/gcc/arm-none-eabi/10.2.1/../../../../arm-none-eabi/lib/thumb/v7e-m/nofp\libstdc++.a(del_ops.o)
                              Libraries/FEHIO.o (operator delete(void*, unsigned int))
c:/users/tummala.32/.vscode/extensions/chipcode-nl.gcc-arm-windows-1.0.1/bin/../lib/gcc/arm-none-eabi/10.2.1/../../../../arm-none-eabi/lib/thumb/v7e-m/nofp\libstdc++.a(new_op.o)
                              Libraries/FEHIO.o (operator new(unsigned int))
c:/users/tummala.32/.vscode/extensions/chipcode-nl.gcc-arm-windows-1.0.1/bin/../lib/gcc/arm-none-eabi/10.2.1/../../../../arm-none-eabi/lib/thumb/v7e-m/nofp\libstdc++.a(bad_alloc.o)
                              c:/users/tummala.32/.vscode/extensions/chipcode-nl.gcc-arm-windows-1.0.1/bin/../lib/gcc/arm-none-eabi/10.2.1/../../../../arm-none-eabi/lib/thumb/v7e-m/nofp\libstdc++.a(new_op.o) (std::bad_alloc::~bad_alloc())
c:/users/tummala.32/.vscode/extensions/chipcode-nl.gcc-arm-windows-1.0.1/bin/../lib/gcc/arm-none-eabi/10.2.1/../../../../arm-none-eabi/lib/thumb/v7e-m/nofp\libstdc++.a(del_op.o)
                              c:/users/tummala.32/.vscode/extensions/chipcode-nl.gcc-arm-windows-1.0.1/bin/../lib/gcc/arm-none-eabi/10.2.1/../../../../arm-none-eabi/lib/thumb/v7e-m/nofp\libstdc++.a(del_ops.o) (operator delete(void*))
c:/users/tummala.32/.vscode/extensions/chipcode-nl.gcc-arm-windows-1.0.1/bin/../lib/gcc/arm-none-eabi/10.2.1/../../../../arm-none-eabi/lib/thumb/v7e-m/nofp\libstdc++.a(eh_alloc.o)
                              c:/users/tummala.32/.vscode/extensions/chipcode-nl.gcc-arm-windows-1.0.1/bin/../lib/gcc/arm-none-eabi/10.2.1/../../../../arm-none-eabi/lib/thumb/v7e-m/nofp\libstdc++.a(new_op.o) (__cxa_allocate_exception)
c:/users/tummala.32/.vscode/extensions/chipcode-nl.gcc-arm-windows-1.0.1/bin/../lib/gcc/arm-none-eabi/10.2.1/../../../../arm-none-eabi/lib/thumb/v7e-m/nofp\libstdc++.a(eh_exception.o)
                              c:/users/tummala.32/.vscode/extensions/chipcode-nl.gcc-arm-windows-1.0.1/bin/../lib/gcc/arm-none-eabi/10.2.1/../../../../arm-none-eabi/lib/thumb/v7e-m/nofp\libstdc++.a(bad_alloc.o) (std::exception::~exception())
c:/users/tummala.32/.vscode/extensions/chipcode-nl.gcc-arm-windows-1.0.1/bin/../lib/gcc/arm-none-eabi/10.2.1/../../../../arm-none-eabi/lib/thumb/v7e-m/nofp\libstdc++.a(eh_terminate.o)
                              c:/users/tummala.32/.vscode/extensions/chipcode-nl.gcc-arm-windows-1.0.1/bin/../lib/gcc/arm-none-eabi/10.2.1/../../../../arm-none-eabi/lib/thumb/v7e-m/nofp\libstdc++.a(eh_alloc.o) (std::terminate())
c:/users/tummala.32/.vscode/extensions/chipcode-nl.gcc-arm-windows-1.0.1/bin/../lib/gcc/arm-none-eabi/10.2.1/../../../../arm-none-eabi/lib/thumb/v7e-m/nofp\libstdc++.a(eh_throw.o)
                              c:/users/tummala.32/.vscode/extensions/chipcode-nl.gcc-arm-windows-1.0.1/bin/../lib/gcc/arm-none-eabi/10.2.1/../../../../arm-none-eabi/lib/thumb/v7e-m/nofp\libstdc++.a(new_op.o) (__cxa_throw)
c:/users/tummala.32/.vscode/extensions/chipcode-nl.gcc-arm-windows-1.0.1/bin/../lib/gcc/arm-none-eabi/10.2.1/../../../../arm-none-eabi/lib/thumb/v7e-m/nofp\libstdc++.a(eh_unex_handler.o)
                              c:/users/tummala.32/.vscode/extensions/chipcode-nl.gcc-arm-windows-1.0.1/bin/../lib/gcc/arm-none-eabi/10.2.1/../../../../arm-none-eabi/lib/thumb/v7e-m/nofp\libstdc++.a(eh_terminate.o) (__cxxabiv1::__unexpected_handler)
c:/users/tummala.32/.vscode/extensions/chipcode-nl.gcc-arm-windows-1.0.1/bin/../lib/gcc/arm-none-eabi/10.2.1/../../../../arm-none-eabi/lib/thumb/v7e-m/nofp\libstdc++.a(new_handler.o)
                              c:/users/tummala.32/.vscode/extensions/chipcode-nl.gcc-arm-windows-1.0.1/bin/../lib/gcc/arm-none-eabi/10.2.1/../../../../arm-none-eabi/lib/thumb/v7e-m/nofp\libstdc++.a(new_op.o) (std::get_new_handler())
c:/users/tummala.32/.vscode/extensions/chipcode-nl.gcc-arm-windows-1.0.1/bin/../lib/gcc/arm-none-eabi/10.2.1/../../../../arm-none-eabi/lib/thumb/v7e-m/nofp\libstdc++.a(pure.o)
                              c:/users/tummala.32/.vscode/extensions/chipcode-nl.gcc-arm-windows-1.0.1/bin/../lib/gcc/arm-none-eabi/10.2.1/../../../../arm-none-eabi/lib/thumb/v7e-m/nofp\libstdc++.a(eh_exception.o) (__cxa_pure_virtual)
c:/users/tummala.32/.vscode/extensions/chipcode-nl.gcc-arm-windows-1.0.1/bin/../lib/gcc/arm-none-eabi/10.2.1/../../../../arm-none-eabi/lib/thumb/v7e-m/nofp\libstdc++.a(si_class_type_info.o)
                              c:/users/tummala.32/.vscode/extensions/chipcode-nl.gcc-arm-windows-1.0.1/bin/../lib/gcc/arm-none-eabi/10.2.1/../../../../arm-none-eabi/lib/thumb/v7e-m/nofp\libstdc++.a(bad_alloc.o) (vtable for __cxxabiv1::__si_class_type_info)
c:/users/tummala.32/.vscode/extensions/chipcode-nl.gcc-arm-windows-1.0.1/bin/../lib/gcc/arm-none-eabi/10.2.1/../../../../arm-none-eabi/lib/thumb/v7e-m/nofp\libstdc++.a(tinfo.o)
[...]
Memory Configuration

Name             Origin             Length             Attributes
PROGRAM_FLASH    0x0000c000         0x00073c00         xr
SRAM_UPPER       0x20000000         0x00010000         xrw
SRAM_LOWER       0x1fff0000         0x00010000         xrw
*default*        0x00000000         0xffffffff

Linker script and memory map

LOAD c:/users/tummala.32/.vscode/extensions/chipcode-nl.gcc-arm-windows-1.0.1/bin/../lib/gcc/arm-none-eabi/10.2.1/thumb/v7e-m/nofp/crti.o
LOAD c:/users/tummala.32/.vscode/extensions/chipcode-nl.gcc-arm-windows-1.0.1/bin/../lib/gcc/arm-none-eabi/10.2.1/thumb/v7e-m/nofp/crtbegin.o
LOAD c:/users/tummala.32/.vscode/extensions/chipcode-nl.gcc-arm-windows-1.0.1/bin/../lib/gcc/arm-none-eabi/10.2.1/../../../../arm-none-eabi/lib/thumb/v7e-m/nofp/crt0.o
LOAD ../main.o
LOAD Startup/startup_mk60d10.o
LOAD Libraries/FEHMotor.o
LOAD Drivers/mcg.o
LOAD Drivers/i2c.o
LOAD Drivers/spi.o
LOAD Drivers/uart.o
LOAD Drivers/ff.o
LOAD Drivers/SDHC.o
LOAD Drivers/lptmr.o
LOAD FEHProteus.o
LOAD Drivers/FEHPropeller.o
LOAD Libraries/FEHUtility.o
LOAD Libraries/FEHIO.o
LOAD Drivers/adc16.o
LOAD Libraries/FEHBuzzer.o
LOAD Libraries/FEHServo.o
LOAD Libraries/FEHLCD.o
LOAD Libraries/FEHAccel.o
LOAD Libraries/FEHBattery.o
LOAD Drivers/FEHXBee.o
LOAD Libraries/FEHRCS.o
LOAD Libraries/FEHSD.o
LOAD Libraries/FEHRandom.o
LOAD c:/users/tummala.32/.vscode/extensions/chipcode-nl.gcc-arm-windows-1.0.1/bin/../lib/gcc/arm-none-eabi/10.2.1/../../../../arm-none-eabi/lib/thumb/v7e-m/nofp\libstdc++.a
LOAD c:/users/tummala.32/.vscode/extensions/chipcode-nl.gcc-arm-windows-1.0.1/bin/../lib/gcc/arm-none-eabi/10.2.1/../../../../arm-none-eabi/lib/thumb/v7e-m/nofp\libm.a
START GROUP
LOAD c:/users/tummala.32/.vscode/extensions/chipcode-nl.gcc-arm-windows-1.0.1/bin/../lib/gcc/arm-none-eabi/10.2.1/thumb/v7e-m/nofp\libgcc.a
LOAD c:/users/tummala.32/.vscode/extensions/chipcode-nl.gcc-arm-windows-1.0.1/bin/../lib/gcc/arm-none-eabi/10.2.1/../../../../arm-none-eabi/lib/thumb/v7e-m/nofp\libg.a
LOAD c:/users/tummala.32/.vscode/extensions/chipcode-nl.gcc-arm-windows-1.0.1/bin/../lib/gcc/arm-none-eabi/10.2.1/../../../../arm-none-eabi/lib/thumb/v7e-m/nofp\libc.a
END GROUP
START GROUP
LOAD c:/users/tummala.32/.vscode/extensions/chipcode-nl.gcc-arm-windows-1.0.1/bin/../lib/gcc/arm-none-eabi/10.2.1/thumb/v7e-m/nofp\libgcc.a
LOAD c:/users/tummala.32/.vscode/extensions/chipcode-nl.gcc-arm-windows-1.0.1/bin/../lib/gcc/arm-none-eabi/10.2.1/../../../../arm-none-eabi/lib/thumb/v7e-m/nofp\libc.a
LOAD c:/users/tummala.32/.vscode/extensions/chipcode-nl.gcc-arm-windows-1.0.1/bin/../lib/gcc/arm-none-eabi/10.2.1/../../../../arm-none-eabi/lib/thumb/v7e-m/nofp\libnosys.a
END GROUP
LOAD c:/users/tummala.32/.vscode/extensions/chipcode-nl.gcc-arm-windows-1.0.1/bin/../lib/gcc/arm-none-eabi/10.2.1/thumb/v7e-m/nofp/crtend.o
LOAD c:/users/tummala.32/.vscode/extensions/chipcode-nl.gcc-arm-windows-1.0.1/bin/../lib/gcc/arm-none-eabi/10.2.1/thumb/v7e-m/nofp/crtn.o
                0x0000c000                __base_PROGRAM_FLASH = 0xc000
                0x0000c000                __base_Flash = 0xc000
                0x0007fc00                __top_PROGRAM_FLASH = 0x7fc00
                0x0007fc00                __top_Flash = 0x7fc00
                0x20000000                __base_SRAM_UPPER = 0x20000000
                0x20000000                __base_RAM = 0x20000000
                0x20010000                __top_SRAM_UPPER = 0x20010000
                0x20010000                __top_RAM = 0x20010000
                0x1fff0000                __base_SRAM_LOWER = 0x1fff0000
                0x1fff0000                __base_RAM2 = 0x1fff0000
                0x20000000                __top_SRAM_LOWER = 0x20000000
                0x20000000                __top_RAM2 = 0x20000000

.text           0x0000c000     0xfc6c
 FILL mask 0xff
                0x0000c000                __vectors_start__ = ABSOLUTE (.)
 *(.isr_vector)
 .isr_vector    0x0000c000      0x1bc Startup/startup_mk60d10.o
                0x0000c000                g_pfnVectors
                0x0000c000                __Vectors
                0x0000c1bc                . = ALIGN (0x4)
                0x0000c1bc                __section_table_start = .
                0x0000c1bc                __data_section_table = .
                0x0000c1bc        0x4 LONG 0x1bc74 LOADADDR (.data)
                0x0000c1c0        0x4 LONG 0x20000000 ADDR (.data)
                0x0000c1c4        0x4 LONG 0x16c8 SIZEOF (.data)
                0x0000c1c8        0x4 LONG 0x1bc74 LOADADDR (.data_RAM2)
                0x0000c1cc        0x4 LONG 0x1fff0000 ADDR (.data_RAM2)
                0x0000c1d0        0x4 LONG 0x0 SIZEOF (.data_RAM2)
                0x0000c1d4                __data_section_table_end = .
                0x0000c1d4                __bss_section_table = .
                0x0000c1d4        0x4 LONG 0x200016c8 ADDR (.bss)
                0x0000c1d8        0x4 LONG 0x490 SIZEOF (.bss)
                0x0000c1dc        0x4 LONG 0x1fff0000 ADDR (.bss_RAM2)
                0x0000c1e0        0x4 LONG 0x0 SIZEOF (.bss_RAM2)
                0x0000c1e4                __bss_section_table_end = .
                0x0000c1e4                __section_table_end = .
 *(.after_vectors*)
 .after_vectors.init_data
                0x0000c1e4       0x42 Startup/startup_mk60d10.o
                0x0000c1e4                data_init(unsigned int, unsigned int, unsigned int)
 .after_vectors.init_bss
                0x0000c226       0x36 Startup/startup_mk60d10.o
                0x0000c226                bss_init(unsigned int, unsigned int)
 .after_vectors.reset
                0x0000c25c       0xb4 Startup/startup_mk60d10.o
                0x0000c25c                ResetISR
 .after_vectors
                0x0000c310       0x3c Startup/startup_mk60d10.o
                0x0000c310                NMI_Handler
                0x0000c316                HardFault_Handler
                0x0000c31c                MemManage_Handler
                0x0000c322                BusFault_Handler
                0x0000c328                UsageFault_Handler
                0x0000c32e                SVC_Handler
                0x0000c334                DebugMon_Handler
                0x0000c33a                PendSV_Handler
                0x0000c340                SysTick_Handler
                0x0000c346                DMA_Error_DriverIRQHandler
                0x0000c346                LPTMR0_DriverIRQHandler
                0x0000c346                FTM1_DriverIRQHandler
                0x0000c346                FTM2_DriverIRQHandler
                0x0000c346                PIT2_DriverIRQHandler
                0x0000c346                SDHC_DriverIRQHandler
                0x0000c346                I2S0_Tx_DriverIRQHandler
                0x0000c346                TSI0_DriverIRQHandler
                0x0000c346                RTC_Seconds_DriverIRQHandler
                0x0000c346                Reserved109_DriverIRQHandler
                0x0000c346                DMA6_DriverIRQHandler
                0x0000c346                LLWU_DriverIRQHandler
                0x0000c346                MCM_DriverIRQHandler
                0x0000c346                MCG_DriverIRQHandler
                0x0000c346                ENET_1588_Timer_DriverIRQHandler
                0x0000c346                DAC1_DriverIRQHandler
                0x0000c346                SPI1_DriverIRQHandler
                0x0000c346                CMP1_DriverIRQHandler
                0x0000c346                UART5_RX_TX_DriverIRQHandler
                0x0000c346                FTM0_DriverIRQHandler
                0x0000c346                IntDefaultHandler
                0x0000c346                USB0_DriverIRQHandler
                0x0000c346                UART5_ERR_DriverIRQHandler
                0x0000c346                DMA11_DriverIRQHandler
                0x0000c346                DAC0_DriverIRQHandler
                0x0000c346                DMA10_DriverIRQHandler
                0x0000c346                CMP2_DriverIRQHandler
                0x0000c346                UART2_ERR_DriverIRQHandler
                0x0000c346                SPI2_DriverIRQHandler
                0x0000c346                LVD_LVW_DriverIRQHandler
                0x0000c346                RNG_DriverIRQHandler
                0x0000c346                DMA12_DriverIRQHandler
                0x0000c346                DMA4_DriverIRQHandler
                0x0000c346                UART2_RX_TX_DriverIRQHandler
                0x0000c346                USBDCD_DriverIRQHandler
                0x0000c346                UART3_ERR_DriverIRQHandler
                0x0000c346                DMA3_DriverIRQHandler
                0x0000c346                DMA8_DriverIRQHandler
                0x0000c346                DMA9_DriverIRQHandler
                0x0000c346                UART0_ERR_DriverIRQHandler
                0x0000c346                CMT_DriverIRQHandler
                0x0000c346                ADC1_DriverIRQHandler
                0x0000c346                DMA14_DriverIRQHandler
                0x0000c346                PIT3_DriverIRQHandler
                0x0000c346                PIT1_DriverIRQHandler
                0x0000c346                WDOG_EWM_DriverIRQHandler
                0x0000c346                PDB0_DriverIRQHandler
                0x0000c346                Reserved95_DriverIRQHandler
                0x0000c346                RTC_DriverIRQHandler
                0x0000c346                I2S0_Rx_DriverIRQHandler
                0x0000c346                Read_Collision_DriverIRQHandler
                0x0000c346                SWI_DriverIRQHandler
                0x0000c346                UART4_RX_TX_DriverIRQHandler
                0x0000c346                UART4_ERR_DriverIRQHandler
                0x0000c346                DMA0_DriverIRQHandler
                0x0000c346                UART0_LON_DriverIRQHandler
                0x0000c346                Reserved102_DriverIRQHandler
                0x0000c346                DMA1_DriverIRQHandler
                0x0000c346                I2C1_DriverIRQHandler
                0x0000c346                UART3_RX_TX_DriverIRQHandler
                0x0000c346                ENET_Receive_DriverIRQHandler
                0x0000c346                DMA13_DriverIRQHandler
                0x0000c346                ENET_Error_DriverIRQHandler
                0x0000c346                DMA15_DriverIRQHandler
                0x0000c346                SPI0_DriverIRQHandler
                0x0000c346                ADC0_DriverIRQHandler
                0x0000c346                FTFL_DriverIRQHandler
                0x0000c346                CMP0_DriverIRQHandler
                0x0000c346                CAN0_DriverIRQHandler
                0x0000c346                Reserved59_DriverIRQHandler
                0x0000c346                DMA5_DriverIRQHandler
                0x0000c346                UART1_ERR_DriverIRQHandler
                0x0000c346                DMA2_DriverIRQHandler
                0x0000c346                ENET_Transmit_DriverIRQHandler
                0x0000c346                I2C0_DriverIRQHandler
                0x0000c346                CAN1_DriverIRQHandler
                0x0000c346                DMA7_DriverIRQHandler
                0x0000c346                UART1_RX_TX_DriverIRQHandler
                0x0000c346                Reserved108_DriverIRQHandler
                0x00000400                . = 0x400
 *fill*         0x0000c34c       0xb4 ff
                0x0000c400                PROVIDE (__FLASH_CONFIG_START__ = .)
 *(.FlashConfig)
 .FlashConfig   0x0000c400       0x10 Startup/startup_mk60d10.o
                0x0000c410                PROVIDE (__FLASH_CONFIG_END__ = .)
                0x00000001                ASSERT (! ((__FLASH_CONFIG_START__ == __FLASH_CONFIG_END__)), Linker Flash Config Support Enabled, but no .FlashConfig section provided within application)
 *(.text*)
 .text          0x0000c410       0x40 c:/users/tummala.32/.vscode/extensions/chipcode-nl.gcc-arm-windows-1.0.1/bin/../lib/gcc/arm-none-eabi/10.2.1/thumb/v7e-m/nofp/crtbegin.o
 .text._Z11actualPowerv
                0x0000c450       0x50 ../main.o
                0x0000c450                actualPower()
 .text._Z12moveStraightf
                0x0000c4a0      0x11c ../main.o
                0x0000c4a0                moveStraight(float)
 *fill*         0x0000c5bc        0x4 ff
 .text._Z15turnAboutCenterf
                0x0000c5c0      0x188 ../main.o
                0x0000c5c0                turnAboutCenter(float)
 .text._Z4turn8FEHMotor14DigitalEncoderfb
                0x0000c748      0x120 ../main.o
                0x0000c748                turn(FEHMotor, DigitalEncoder, float, bool)
 .text._Z22moveWhileFrontUnbumpedv
                0x0000c868      0x12c ../main.o
                0x0000c868                moveWhileFrontUnbumped()
 *fill*         0x0000c994        0x4 ff
 .text._Z27moveWhileFrontUnbumpedPowerf
                0x0000c998       0x90 ../main.o
                0x0000c998                moveWhileFrontUnbumpedPower(float)
 .text._Z11isBlueLightv
                0x0000ca28      0x180 ../main.o
                0x0000ca28                isBlueLight()
 .text._Z13getUpLeftRampv
                0x0000cba8       0x84 ../main.o
                0x0000cba8                getUpLeftRamp()
 .text._Z12hitTicketingb
                0x0000cc2c       0x94 ../main.o
                0x0000cc2c                hitTicketing(bool)
 .text._Z11getDownRampv
                0x0000ccc0       0x78 ../main.o
                0x0000ccc0                getDownRamp()
 .text._Z9flipLeverb
                0x0000cd38       0x8c ../main.o
                0x0000cd38                flipLever(bool)
 *fill*         0x0000cdc4        0x4 ff
 .text._Z11doFuelLeverv
                0x0000cdc8       0xcc ../main.o
                0x0000cdc8                doFuelLever()
 *fill*         0x0000ce94        0x4 ff
 .text._Z15doPassportLeverv
                0x0000ce98       0x58 ../main.o
                0x0000ce98                doPassportLever()
 .text._Z13doLuggageDropv
                0x0000cef0       0x88 ../main.o
                0x0000cef0                doLuggageDrop()
 .text._Z12waitForLightv
                0x0000cf78       0xd0 ../main.o
                0x0000cf78                waitForLight()
 .text.main     0x0000d048       0x78 ../main.o
                0x0000d048                main
 .text._Z41__static_initialization_and_destruction_0ii
                0x0000d0c0       0x98 ../main.o
 .text._GLOBAL__sub_I_cds
                0x0000d158       0x10 ../main.o
 .text.PORTD_IRQHandler
                0x0000d168       0x50 Startup/startup_mk60d10.o
                0x0000d168                PORTD_IRQHandler
 .text._Z15InitPowerButtonv
                0x0000d1b8       0x60 Startup/startup_mk60d10.o
                0x0000d1b8                InitPowerButton()
 .text._ZL11pll_init_blv
                0x0000d218       0xe0 Startup/startup_mk60d10.o
 .text._Z14InitFEHProteusv
                0x0000d2f8       0xec Startup/startup_mk60d10.o
                0x0000d2f8                InitFEHProteus()
 .text.DMA0_IRQHandler
                0x0000d3e4        0xc Startup/startup_mk60d10.o
                0x0000d3e4                DMA0_IRQHandler
 .text.DMA1_IRQHandler
                0x0000d3f0        0xc Startup/startup_mk60d10.o
                0x0000d3f0                DMA1_IRQHandler
 .text.DMA2_IRQHandler
                0x0000d3fc        0xc Startup/startup_mk60d10.o
                0x0000d3fc                DMA2_IRQHandler
 .text.DMA3_IRQHandler
                0x0000d408        0xc Startup/startup_mk60d10.o
                0x0000d408                DMA3_IRQHandler
 .text.DMA4_IRQHandler
                0x0000d414        0xc Startup/startup_mk60d10.o
                0x0000d414                DMA4_IRQHandler
 .text.DMA5_IRQHandler
                0x0000d420        0xc Startup/startup_mk60d10.o
                0x0000d420                DMA5_IRQHandler
 .text.DMA6_IRQHandler
                0x0000d42c        0xc Startup/startup_mk60d10.o
                0x0000d42c                DMA6_IRQHandler
 .text.DMA7_IRQHandler
                0x0000d438        0xc Startup/startup_mk60d10.o
                0x0000d438                DMA7_IRQHandler
 .text.DMA8_IRQHandler
                0x0000d444        0xc Startup/startup_mk60d10.o
                0x0000d444                DMA8_IRQHandler
 .text.DMA9_IRQHandler
                0x0000d450        0xc Startup/startup_mk60d10.o
                0x0000d450                DMA9_IRQHandler
 .text.DMA10_IRQHandler
                0x0000d45c        0xc Startup/startup_mk60d10.o
                0x0000d45c                DMA10_IRQHandler
 .text.DMA11_IRQHandler
                0x0000d468        0xc Startup/startup_mk60d10.o
                0x0000d468                DMA11_IRQHandler
 .text.DMA12_IRQHandler
                0x0000d474        0xc Startup/startup_mk60d10.o
                0x0000d474                DMA12_IRQHandler
 .text.DMA13_IRQHandler
                0x0000d480        0xc Startup/startup_mk60d10.o
                0x0000d480                DMA13_IRQHandler
 .text.DMA14_IRQHandler
                0x0000d48c        0xc Startup/startup_mk60d10.o
                0x0000d48c                DMA14_IRQHandler
 .text.DMA15_IRQHandler
                0x0000d498        0xc Startup/startup_mk60d10.o
                0x0000d498                DMA15_IRQHandler
 .text.DMA_Error_IRQHandler
                0x0000d4a4        0xc Startup/startup_mk60d10.o
                0x0000d4a4                DMA_Error_IRQHandler
 .text.MCM_IRQHandler
                0x0000d4b0        0xc Startup/startup_mk60d10.o
                0x0000d4b0                MCM_IRQHandler
 .text.FTFL_IRQHandler
                0x0000d4bc        0xc Startup/startup_mk60d10.o
                0x0000d4bc                FTFL_IRQHandler
 .text.Read_Collision_IRQHandler
                0x0000d4c8        0xc Startup/startup_mk60d10.o
                0x0000d4c8                Read_Collision_IRQHandler
 .text.LVD_LVW_IRQHandler
                0x0000d4d4        0xc Startup/startup_mk60d10.o
                0x0000d4d4                LVD_LVW_IRQHandler
 .text.LLWU_IRQHandler
                0x0000d4e0        0xc Startup/startup_mk60d10.o
                0x0000d4e0                LLWU_IRQHandler
 .text.WDOG_EWM_IRQHandler
                0x0000d4ec        0xc Startup/startup_mk60d10.o
                0x0000d4ec                WDOG_EWM_IRQHandler
 .text.RNG_IRQHandler
                0x0000d4f8        0xc Startup/startup_mk60d10.o
                0x0000d4f8                RNG_IRQHandler
 .text.I2C0_IRQHandler
                0x0000d504        0xc Startup/startup_mk60d10.o
                0x0000d504                I2C0_IRQHandler
 .text.I2C1_IRQHandler
                0x0000d510        0xc Startup/startup_mk60d10.o
                0x0000d510                I2C1_IRQHandler
 .text.SPI0_IRQHandler
                0x0000d51c        0xc Startup/startup_mk60d10.o
                0x0000d51c                SPI0_IRQHandler
 .text.SPI1_IRQHandler
                0x0000d528        0xc Startup/startup_mk60d10.o
                0x0000d528                SPI1_IRQHandler
 .text.SPI2_IRQHandler
                0x0000d534        0xc Startup/startup_mk60d10.o
                0x0000d534                SPI2_IRQHandler
 .text.CAN0_ORed_Message_buffer_IRQHandler
                0x0000d540        0xc Startup/startup_mk60d10.o
                0x0000d540                CAN0_ORed_Message_buffer_IRQHandler
 .text.CAN0_Bus_Off_IRQHandler
                0x0000d54c        0xc Startup/startup_mk60d10.o
                0x0000d54c                CAN0_Bus_Off_IRQHandler
 .text.CAN0_Error_IRQHandler
                0x0000d558        0xc Startup/startup_mk60d10.o
                0x0000d558                CAN0_Error_IRQHandler
 .text.CAN0_Tx_Warning_IRQHandler
                0x0000d564        0xc Startup/startup_mk60d10.o
                0x0000d564                CAN0_Tx_Warning_IRQHandler
 .text.CAN0_Rx_Warning_IRQHandler
                0x0000d570        0xc Startup/startup_mk60d10.o
                0x0000d570                CAN0_Rx_Warning_IRQHandler
 .text.CAN0_Wake_Up_IRQHandler
                0x0000d57c        0xc Startup/startup_mk60d10.o
                0x0000d57c                CAN0_Wake_Up_IRQHandler
 .text.I2S0_Tx_IRQHandler
                0x0000d588        0xc Startup/startup_mk60d10.o
                0x0000d588                I2S0_Tx_IRQHandler
 .text.I2S0_Rx_IRQHandler
                0x0000d594        0xc Startup/startup_mk60d10.o
                0x0000d594                I2S0_Rx_IRQHandler
 .text.CAN1_ORed_Message_buffer_IRQHandler
                0x0000d5a0        0xc Startup/startup_mk60d10.o
                0x0000d5a0                CAN1_ORed_Message_buffer_IRQHandler
 .text.CAN1_Bus_Off_IRQHandler
                0x0000d5ac        0xc Startup/startup_mk60d10.o
                0x0000d5ac                CAN1_Bus_Off_IRQHandler
 .text.CAN1_Error_IRQHandler
                0x0000d5b8        0xc Startup/startup_mk60d10.o
                0x0000d5b8                CAN1_Error_IRQHandler
 .text.CAN1_Tx_Warning_IRQHandler
                0x0000d5c4        0xc Startup/startup_mk60d10.o
                0x0000d5c4                CAN1_Tx_Warning_IRQHandler
 .text.CAN1_Rx_Warning_IRQHandler
                0x0000d5d0        0xc Startup/startup_mk60d10.o
                0x0000d5d0                CAN1_Rx_Warning_IRQHandler
 .text.CAN1_Wake_Up_IRQHandler
                0x0000d5dc        0xc Startup/startup_mk60d10.o
                0x0000d5dc                CAN1_Wake_Up_IRQHandler
 .text.Reserved59_IRQHandler
                0x0000d5e8        0xc Startup/startup_mk60d10.o
                0x0000d5e8                Reserved59_IRQHandler
 .text.UART0_LON_IRQHandler
                0x0000d5f4        0xc Startup/startup_mk60d10.o
                0x0000d5f4                UART0_LON_IRQHandler
 .text.UART0_ERR_IRQHandler
                0x0000d600        0xc Startup/startup_mk60d10.o
                0x0000d600                UART0_ERR_IRQHandler
 .text.UART1_RX_TX_IRQHandler
                0x0000d60c        0xc Startup/startup_mk60d10.o
                0x0000d60c                UART1_RX_TX_IRQHandler
 .text.UART1_ERR_IRQHandler
                0x0000d618        0xc Startup/startup_mk60d10.o
                0x0000d618                UART1_ERR_IRQHandler
 .text.UART2_RX_TX_IRQHandler
                0x0000d624        0xc Startup/startup_mk60d10.o
                0x0000d624                UART2_RX_TX_IRQHandler
 .text.UART2_ERR_IRQHandler
                0x0000d630        0xc Startup/startup_mk60d10.o
                0x0000d630                UART2_ERR_IRQHandler
 .text.UART3_RX_TX_IRQHandler
                0x0000d63c        0xc Startup/startup_mk60d10.o
                0x0000d63c                UART3_RX_TX_IRQHandler
 .text.UART3_ERR_IRQHandler
                0x0000d648        0xc Startup/startup_mk60d10.o
                0x0000d648                UART3_ERR_IRQHandler
 .text.UART4_RX_TX_IRQHandler
                0x0000d654        0xc Startup/startup_mk60d10.o
                0x0000d654                UART4_RX_TX_IRQHandler
 .text.UART4_ERR_IRQHandler
                0x0000d660        0xc Startup/startup_mk60d10.o
                0x0000d660                UART4_ERR_IRQHandler
 .text.UART5_RX_TX_IRQHandler
                0x0000d66c        0xc Startup/startup_mk60d10.o
                0x0000d66c                UART5_RX_TX_IRQHandler
 .text.UART5_ERR_IRQHandler
                0x0000d678        0xc Startup/startup_mk60d10.o
                0x0000d678                UART5_ERR_IRQHandler
 .text.ADC0_IRQHandler
                0x0000d684        0xc Startup/startup_mk60d10.o
                0x0000d684                ADC0_IRQHandler
 .text.ADC1_IRQHandler
                0x0000d690        0xc Startup/startup_mk60d10.o
                0x0000d690                ADC1_IRQHandler
 .text.CMP0_IRQHandler
                0x0000d69c        0xc Startup/startup_mk60d10.o
                0x0000d69c                CMP0_IRQHandler
 .text.CMP1_IRQHandler
                0x0000d6a8        0xc Startup/startup_mk60d10.o
                0x0000d6a8                CMP1_IRQHandler
 .text.CMP2_IRQHandler
                0x0000d6b4        0xc Startup/startup_mk60d10.o
                0x0000d6b4                CMP2_IRQHandler
 .text.FTM0_IRQHandler
                0x0000d6c0        0xc Startup/startup_mk60d10.o
                0x0000d6c0                FTM0_IRQHandler
 .text.FTM1_IRQHandler
                0x0000d6cc        0xc Startup/startup_mk60d10.o
                0x0000d6cc                FTM1_IRQHandler
 .text.FTM2_IRQHandler
                0x0000d6d8        0xc Startup/startup_mk60d10.o
                0x0000d6d8                FTM2_IRQHandler
 .text.CMT_IRQHandler
                0x0000d6e4        0xc Startup/startup_mk60d10.o
                0x0000d6e4                CMT_IRQHandler
 .text.RTC_IRQHandler
                0x0000d6f0        0xc Startup/startup_mk60d10.o
                0x0000d6f0                RTC_IRQHandler
 .text.RTC_Seconds_IRQHandler
                0x0000d6fc        0xc Startup/startup_mk60d10.o
                0x0000d6fc                RTC_Seconds_IRQHandler
 .text.PIT1_IRQHandler
                0x0000d708        0xc Startup/startup_mk60d10.o
                0x0000d708                PIT1_IRQHandler
 .text.PIT2_IRQHandler
                0x0000d714        0xc Startup/startup_mk60d10.o
                0x0000d714                PIT2_IRQHandler
 .text.PIT3_IRQHandler
                0x0000d720        0xc Startup/startup_mk60d10.o
                0x0000d720                PIT3_IRQHandler
 .text.PDB0_IRQHandler
                0x0000d72c        0xc Startup/startup_mk60d10.o
                0x0000d72c                PDB0_IRQHandler
 .text.USB0_IRQHandler
                0x0000d738        0xc Startup/startup_mk60d10.o
                0x0000d738                USB0_IRQHandler
 .text.USBDCD_IRQHandler
                0x0000d744        0xc Startup/startup_mk60d10.o
                0x0000d744                USBDCD_IRQHandler
 .text.ENET_1588_Timer_IRQHandler
                0x0000d750        0xc Startup/startup_mk60d10.o
                0x0000d750                ENET_1588_Timer_IRQHandler
 .text.ENET_Transmit_IRQHandler
                0x0000d75c        0xc Startup/startup_mk60d10.o
                0x0000d75c                ENET_Transmit_IRQHandler
 .text.ENET_Receive_IRQHandler
                0x0000d768        0xc Startup/startup_mk60d10.o
                0x0000d768                ENET_Receive_IRQHandler
 .text.ENET_Error_IRQHandler
                0x0000d774        0xc Startup/startup_mk60d10.o
                0x0000d774                ENET_Error_IRQHandler
 .text.Reserved95_IRQHandler
                0x0000d780        0xc Startup/startup_mk60d10.o
                0x0000d780                Reserved95_IRQHandler
 .text.SDHC_IRQHandler
                0x0000d78c        0xc Startup/startup_mk60d10.o
                0x0000d78c                SDHC_IRQHandler
 .text.DAC0_IRQHandler
                0x0000d798        0xc Startup/startup_mk60d10.o
                0x0000d798                DAC0_IRQHandler
 .text.DAC1_IRQHandler
                0x0000d7a4        0xc Startup/startup_mk60d10.o
                0x0000d7a4                DAC1_IRQHandler
 .text.TSI0_IRQHandler
                0x0000d7b0        0xc Startup/startup_mk60d10.o
                0x0000d7b0                TSI0_IRQHandler
 .text.MCG_IRQHandler
                0x0000d7bc        0xc Startup/startup_mk60d10.o
                0x0000d7bc                MCG_IRQHandler
 .text.LPTMR0_IRQHandler
                0x0000d7c8        0xc Startup/startup_mk60d10.o
                0x0000d7c8                LPTMR0_IRQHandler
 .text.Reserved102_IRQHandler
                0x0000d7d4        0xc Startup/startup_mk60d10.o
                0x0000d7d4                Reserved102_IRQHandler
 .text.Reserved108_IRQHandler
                0x0000d7e0        0xc Startup/startup_mk60d10.o
                0x0000d7e0                Reserved108_IRQHandler
 .text.Reserved109_IRQHandler
                0x0000d7ec        0xc Startup/startup_mk60d10.o
                0x0000d7ec                Reserved109_IRQHandler
 .text.SWI_IRQHandler
                0x0000d7f8        0xc Startup/startup_mk60d10.o
                0x0000d7f8                SWI_IRQHandler
 *fill*         0x0000d804        0x4 ff
 .text._ZN8FEHMotorC2ENS_12FEHMotorPortEf
                0x0000d808       0x7c Libraries/FEHMotor.o
                0x0000d808                FEHMotor::FEHMotor(FEHMotor::FEHMotorPort, float)
                0x0000d808                FEHMotor::FEHMotor(FEHMotor::FEHMotorPort, float)
 .text._ZN8FEHMotor4StopEv
                0x0000d884       0x30 Libraries/FEHMotor.o
                0x0000d884                FEHMotor::Stop()
 .text._ZN8FEHMotor8SetPowerEi
                0x0000d8b4       0x54 Libraries/FEHMotor.o
                0x0000d8b4                FEHMotor::SetPower(int)
 .text._ZN8FEHMotor10SetPercentEf
                0x0000d908       0xf8 Libraries/FEHMotor.o
                0x0000d908                FEHMotor::SetPercent(float)
 .text._Z21IIC_StartTransmissionhh
                0x0000da00       0x6c Drivers/i2c.o
                0x0000da00                IIC_StartTransmission(unsigned char, unsigned char)
 .text._Z5Pausev
                0x0000da6c       0x24 Drivers/i2c.o
                0x0000da6c                Pause()
 .text._Z21MMA8451QWriteRegisterhh
                0x0000da90       0x68 Drivers/i2c.o
                0x0000da90                MMA8451QWriteRegister(unsigned char, unsigned char)
 .text._Z8i2c_Waitv
                0x0000daf8       0x6c Drivers/i2c.o
                0x0000daf8                i2c_Wait()
 .text._Z12SPI_SendCharh
                0x0000db64       0x1a Drivers/spi.o
                0x0000db64                SPI_SendChar(unsigned char)
 .text._Z16SPI_WriteCommandhh
                0x0000db7e       0x34 Drivers/spi.o
                0x0000db7e                SPI_WriteCommand(unsigned char, unsigned char)
 .text._Z11SPI_GetCharv
                0x0000dbb2       0x10 Drivers/spi.o
                0x0000dbb2                SPI_GetChar()
 .text._Z15SPI_ReadCommandh
                0x0000dbc2       0x38 Drivers/spi.o
                0x0000dbc2                SPI_ReadCommand(unsigned char)
 *fill*         0x0000dbfa        0x2 ff
 .text._Z13SPI_CS_Assertv
                0x0000dbfc       0x1c Drivers/spi.o
                0x0000dbfc                SPI_CS_Assert()
 .text._Z15SPI_CS_Deassertv
                0x0000dc18       0x1c Drivers/spi.o
                0x0000dc18                SPI_CS_Deassert()
 .text._Z12SPI_Transferh
                0x0000dc34       0x6c Drivers/spi.o
                0x0000dc34                SPI_Transfer(unsigned char)
 .text._Z8SPI_Initv
                0x0000dca0       0xa0 Drivers/spi.o
                0x0000dca0                SPI_Init()
 .text._Z9uart_initPV11UART_MemMapii
                0x0000dd40      0x174 Drivers/uart.o
                0x0000dd40                uart_init(UART_MemMap volatile*, int, int)
 .text._Z12uart_getcharPV11UART_MemMap
                0x0000deb4       0x32 Drivers/uart.o
                0x0000deb4                uart_getchar(UART_MemMap volatile*)
 .text._Z12uart_putcharPV11UART_MemMapc
                0x0000dee6       0x32 Drivers/uart.o
                0x0000dee6                uart_putchar(UART_MemMap volatile*, char)
 .text._ZL7mem_setPvij
                0x0000df18       0x3c Drivers/ff.o
 .text._ZL11move_windowP5FATFSm
                0x0000df54       0xc8 Drivers/ff.o
 .text._ZL4syncP5FATFS
                0x0000e01c      0x14c Drivers/ff.o
 .text._ZL8validateP5FATFSt
                0x0000e168       0x54 Drivers/ff.o
 .text._Z6f_syncP3FIL
                0x0000e1bc      0x186 Drivers/ff.o
                0x0000e1bc                f_sync(FIL*)
 .text._Z7f_closeP3FIL
                0x0000e342       0x28 Drivers/ff.o
                0x0000e342                f_close(FIL*)
 *fill*         0x0000e36a        0x2 ff
 .text._ZL17SDHC_set_baudratemm
                0x0000e36c       0xe8 Drivers/SDHC.o
 .text._Z9SDHC_initP17esdhc_info_structPK17esdhc_init_struct
                0x0000e454      0x130 Drivers/SDHC.o
                0x0000e454                SDHC_init(esdhc_info_struct*, esdhc_init_struct const*)
 .text._ZL15SDHC_is_runningv
                0x0000e584       0x24 Drivers/SDHC.o
 .text._ZL16SDHC_status_waitm
                0x0000e5a8       0x2c Drivers/SDHC.o
 .text._ZL17SDHC_send_commandP20esdhc_command_struct
                0x0000e5d4      0x1f8 Drivers/SDHC.o
 .text._Z10SDHC_ioctlmPv
                0x0000e7cc      0x6f0 Drivers/SDHC.o
                0x0000e7cc                SDHC_ioctl(unsigned long, void*)
 .text._ZL14rcvr_datablockPhm
                0x0000eebc       0xf0 Drivers/SDHC.o
 .text._Z9disk_readhPhmh
                0x0000efac      0x124 Drivers/SDHC.o
                0x0000efac                disk_read(unsigned char, unsigned char*, unsigned long, unsigned char)
 .text._ZL14xmit_datablockPKhm
                0x0000f0d0       0xa4 Drivers/SDHC.o
 .text._Z10disk_writehPKhmh
                0x0000f174      0x198 Drivers/SDHC.o
                0x0000f174                disk_write(unsigned char, unsigned char const*, unsigned long, unsigned char)
 .text._Z10disk_ioctlhhPv
                0x0000f30c      0x104 Drivers/SDHC.o
                0x0000f30c                disk_ioctl(unsigned char, unsigned char, void*)
 .text._Z11disk_statush
                0x0000f410       0x28 Drivers/SDHC.o
                0x0000f410                disk_status(unsigned char)
 .text._Z13time_delay_msm
                0x0000f438       0x6c Drivers/lptmr.o
                0x0000f438                time_delay_ms(unsigned long)
 .text._Z41__static_initialization_and_destruction_0ii
                0x0000f4a4       0x2c FEHProteus.o
 .text._GLOBAL__sub_I_Propeller
                0x0000f4d0       0x10 FEHProteus.o
 .text._ZN12FEHPropellerC2Ev
                0x0000f4e0       0x1a Drivers/FEHPropeller.o
                0x0000f4e0                FEHPropeller::FEHPropeller()
                0x0000f4e0                FEHPropeller::FEHPropeller()
 *fill*         0x0000f4fa        0x2 ff
 .text._ZN12FEHPropeller10InitializeEv
                0x0000f4fc       0x74 Drivers/FEHPropeller.o
                0x0000f4fc                FEHPropeller::Initialize()
 .text._ZN12FEHPropeller12SetMotorRateEhhh
                0x0000f570       0x5c Drivers/FEHPropeller.o
                0x0000f570                FEHPropeller::SetMotorRate(unsigned char, unsigned char, unsigned char)
 .text._ZL5Delaymjj
                0x0000f5cc       0x94 Libraries/FEHUtility.o
 .text._Z5Sleepi
                0x0000f660       0x2c Libraries/FEHUtility.o
                0x0000f660                Sleep(int)
 .text._Z5Sleepd
                0x0000f68c       0x4c Libraries/FEHUtility.o
                0x0000f68c                Sleep(double)
 .text._Z11TimeNowMSecv
                0x0000f6d8       0x38 Libraries/FEHUtility.o
                0x0000f6d8                TimeNowMSec()
 .text._ZN15DigitalInputPinC2EN5FEHIO8FEHIOPinE
                0x0000f710       0x20 Libraries/FEHIO.o
                0x0000f710                DigitalInputPin::DigitalInputPin(FEHIO::FEHIOPin)
                0x0000f710                DigitalInputPin::DigitalInputPin(FEHIO::FEHIOPin)
 .text._ZN15DigitalInputPin10InitializeEN5FEHIO8FEHIOPinE
                0x0000f730      0x198 Libraries/FEHIO.o
                0x0000f730                DigitalInputPin::Initialize(FEHIO::FEHIOPin)
 .text._ZN15DigitalInputPin5ValueEv
                0x0000f8c8      0x108 Libraries/FEHIO.o
                0x0000f8c8                DigitalInputPin::Value()
 .text._ZN14DigitalEncoderC2EN5FEHIO8FEHIOPinE
                0x0000f9d0       0x26 Libraries/FEHIO.o
                0x0000f9d0                DigitalEncoder::DigitalEncoder(FEHIO::FEHIOPin)
                0x0000f9d0                DigitalEncoder::DigitalEncoder(FEHIO::FEHIOPin)
 *fill*         0x0000f9f6        0x2 ff
 .text._Z10enable_irqi
                0x0000f9f8      0x11c Libraries/FEHIO.o
                0x0000f9f8                enable_irq(int)
 .text._ZN14DigitalEncoder10InitializeEN5FEHIO8FEHIOPinENS0_21FEHIOInterruptTriggerE
                0x0000fb14      0x1a8 Libraries/FEHIO.o
                0x0000fb14                DigitalEncoder::Initialize(FEHIO::FEHIOPin, FEHIO::FEHIOInterruptTrigger)
 .text._Z16PORTB_IRQHandlerv
                0x0000fcbc       0xa0 Libraries/FEHIO.o
                0x0000fcbc                PORTB_IRQHandler()
 .text._Z16PORTC_IRQHandlerv
                0x0000fd5c       0xa0 Libraries/FEHIO.o
                0x0000fd5c                PORTC_IRQHandler()
 .text._Z16PORTA_IRQHandlerv
                0x0000fdfc       0xa4 Libraries/FEHIO.o
                0x0000fdfc                PORTA_IRQHandler()
 .text._Z16PORTE_IRQHandlerv
                0x0000fea0       0x9c Libraries/FEHIO.o
                0x0000fea0                PORTE_IRQHandler()
 .text._ZN14DigitalEncoder6CountsEv
                0x0000ff3c       0x24 Libraries/FEHIO.o
                0x0000ff3c                DigitalEncoder::Counts()
 .text._ZN14DigitalEncoder11ResetCountsEv
                0x0000ff60       0x24 Libraries/FEHIO.o
                0x0000ff60                DigitalEncoder::ResetCounts()
 .text._ZN14AnalogInputPinC2EN5FEHIO8FEHIOPinE
                0x0000ff84       0x1e Libraries/FEHIO.o
                0x0000ff84                AnalogInputPin::AnalogInputPin(FEHIO::FEHIOPin)
                0x0000ff84                AnalogInputPin::AnalogInputPin(FEHIO::FEHIOPin)
 *fill*         0x0000ffa2        0x6 ff
 .text._ZN14AnalogInputPin5ValueEv
                0x0000ffa8      0x120 Libraries/FEHIO.o
                0x0000ffa8                AnalogInputPin::Value()
 .text._ZN13AnalogEncoder12EncoderValueEv
                0x000100c8       0xb0 Libraries/FEHIO.o
                0x000100c8                AnalogEncoder::EncoderValue()
 .text._ZN14AnalogInputPin8InitADCsEv
                0x00010178       0x98 Libraries/FEHIO.o
                0x00010178                AnalogInputPin::InitADCs()
 .text._Z15PIT0_IRQHandlerv
                0x00010210       0x28 Libraries/FEHIO.o
                0x00010210                PIT0_IRQHandler()
 .text._ZN13AnalogEncoder4InitEv
                0x00010238       0x44 Libraries/FEHIO.o
                0x00010238                AnalogEncoder::Init()
 .text._ZN13AnalogEncoder14SetCounterInitEj
                0x0001027c       0x20 Libraries/FEHIO.o
                0x0001027c                AnalogEncoder::SetCounterInit(unsigned int)
 .text._ZN13AnalogEncoder10ProcessIntEv
                0x0001029c       0x68 Libraries/FEHIO.o
                0x0001029c                AnalogEncoder::ProcessInt()
 .text._ZN13AnalogEncoder14ProcessIntSelfEv
                0x00010304       0x6e Libraries/FEHIO.o
                0x00010304                AnalogEncoder::ProcessIntSelf()
 .text._Z7ADC_CalPV10ADC_MemMap
                0x00010372      0x13e Drivers/adc16.o
                0x00010372                ADC_Cal(ADC_MemMap volatile*)
 .text._Z14ADC_Config_AltPV10ADC_MemMapP7adc_cfg
                0x000104b0       0x6c Drivers/adc16.o
                0x000104b0                ADC_Config_Alt(ADC_MemMap volatile*, adc_cfg*)
 .text._ZN9FEHBuzzerC2Ev
                0x0001051c       0x14 Libraries/FEHBuzzer.o
                0x0001051c                FEHBuzzer::FEHBuzzer()
                0x0001051c                FEHBuzzer::FEHBuzzer()
 .text._Z41__static_initialization_and_destruction_0ii
                0x00010530       0x2c Libraries/FEHBuzzer.o
 .text._GLOBAL__sub_I_Buzzer
                0x0001055c       0x10 Libraries/FEHBuzzer.o
 .text._ZN8FEHServoC2ENS_12FEHServoPortE
                0x0001056c       0x38 Libraries/FEHServo.o
                0x0001056c                FEHServo::FEHServo(FEHServo::FEHServoPort)
                0x0001056c                FEHServo::FEHServo(FEHServo::FEHServoPort)
 .text._ZN8FEHServo6SetMinEi
                0x000105a4       0x3a Libraries/FEHServo.o
                0x000105a4                FEHServo::SetMin(int)
 .text._ZN8FEHServo6SetMaxEi
                0x000105de       0x3a Libraries/FEHServo.o
                0x000105de                FEHServo::SetMax(int)
 .text._ZN8FEHServo9SetDegreeEf
                0x00010618       0xf8 Libraries/FEHServo.o
                0x00010618                FEHServo::SetDegree(float)
 .text._ZN6FEHLCD11_InitializeEv
                0x00010710      0x410 Libraries/FEHLCD.o
                0x00010710                FEHLCD::_Initialize()
 .text._ZN6FEHLCDC2Ev
                0x00010b20       0x50 Libraries/FEHLCD.o
                0x00010b20                FEHLCD::FEHLCD()
                0x00010b20                FEHLCD::FEHLCD()
 .text._ZN6FEHLCD10InitializeEv
                0x00010b70       0x28 Libraries/FEHLCD.o
                0x00010b70                FEHLCD::Initialize()
 .text._ZN6FEHLCD10PrintImageEii
                0x00010b98       0xbc Libraries/FEHLCD.o
                0x00010b98                FEHLCD::PrintImage(int, int)
 .text._ZN6FEHLCD9PrintLogoEii
                0x00010c54       0xbc Libraries/FEHLCD.o
                0x00010c54                FEHLCD::PrintLogo(int, int)
 .text._ZN6FEHLCD22ConvertFEHColorTo24BitENS_11FEHLCDColorE
                0x00010d10       0x78 Libraries/FEHLCD.o
                0x00010d10                FEHLCD::ConvertFEHColorTo24Bit(FEHLCD::FEHLCDColor)
 .text._ZN6FEHLCD24Convert24BitColorTo16BitEj
                0x00010d88       0x30 Libraries/FEHLCD.o
                0x00010d88                FEHLCD::Convert24BitColorTo16Bit(unsigned int)
 .text._ZN6FEHLCD22ConvertRGBColorTo16BitEhhh
                0x00010db8       0x4a Libraries/FEHLCD.o
                0x00010db8                FEHLCD::ConvertRGBColorTo16Bit(unsigned char, unsigned char, unsigned char)
 .text._ZN6FEHLCD5ClearENS_11FEHLCDColorE
                0x00010e02       0x28 Libraries/FEHLCD.o
                0x00010e02                FEHLCD::Clear(FEHLCD::FEHLCDColor)
 .text._ZN6FEHLCD5ClearEj
                0x00010e2a       0x2c Libraries/FEHLCD.o
                0x00010e2a                FEHLCD::Clear(unsigned int)
 .text._ZN6FEHLCD5ClearEv
                0x00010e56       0x16 Libraries/FEHLCD.o
                0x00010e56                FEHLCD::Clear()
 .text._ZN6FEHLCD18SetBackgroundColorENS_11FEHLCDColorE
                0x00010e6c       0x28 Libraries/FEHLCD.o
                0x00010e6c                FEHLCD::SetBackgroundColor(FEHLCD::FEHLCDColor)
 .text._ZN6FEHLCD18SetBackgroundColorEj
                0x00010e94       0x26 Libraries/FEHLCD.o
                0x00010e94                FEHLCD::SetBackgroundColor(unsigned int)
 .text._ZN6FEHLCD12SetFontColorENS_11FEHLCDColorE
                0x00010eba       0x28 Libraries/FEHLCD.o
                0x00010eba                FEHLCD::SetFontColor(FEHLCD::FEHLCDColor)
 .text._ZN6FEHLCD12SetFontColorEj
                0x00010ee2       0x26 Libraries/FEHLCD.o
                0x00010ee2                FEHLCD::SetFontColor(unsigned int)
 .text._ZN6FEHLCD7WriteAtEPKcii
                0x00010f08       0x46 Libraries/FEHLCD.o
                0x00010f08                FEHLCD::WriteAt(char const*, int, int)
 .text._ZN6FEHLCD11TS_SPI_InitEv
                0x00010f4e       0x7c Libraries/FEHLCD.o
                0x00010f4e                FEHLCD::TS_SPI_Init()
 *fill*         0x00010fca        0x6 ff
 .text._ZN6FEHLCD5TouchEPfS0_
                0x00010fd0      0x1fc Libraries/FEHLCD.o
                0x00010fd0                FEHLCD::Touch(float*, float*)
 .text._ZN6FEHLCD3absEi
                0x000111cc       0x22 Libraries/FEHLCD.o
                0x000111cc                FEHLCD::abs(int)
 .text._ZN6FEHLCD5WriteEPKc
                0x000111ee       0x4e Libraries/FEHLCD.o
                0x000111ee                FEHLCD::Write(char const*)
 .text._ZN6FEHLCD5WriteEf
                0x0001123c       0xc0 Libraries/FEHLCD.o
                0x0001123c                FEHLCD::Write(float)
 .text._ZN6FEHLCD5WriteEc
                0x000112fc       0x30 Libraries/FEHLCD.o
                0x000112fc                FEHLCD::Write(char)
 .text._ZN6FEHLCD9WriteLineEPKc
                0x0001132c       0x26 Libraries/FEHLCD.o
                0x0001132c                FEHLCD::WriteLine(char const*)
 .text._ZN6FEHLCD9WriteLineEc
                0x00011352       0x2a Libraries/FEHLCD.o
                0x00011352                FEHLCD::WriteLine(char)
 .text._ZN6FEHLCD10WriteIndexEh
                0x0001137c      0x14c Libraries/FEHLCD.o
                0x0001137c                FEHLCD::WriteIndex(unsigned char)
 .text._ZN6FEHLCD14WriteParameterEh
                0x000114c8      0x130 Libraries/FEHLCD.o
                0x000114c8                FEHLCD::WriteParameter(unsigned char)
 .text._ZN6FEHLCD6_ClearEv
                0x000115f8      0x15c Libraries/FEHLCD.o
                0x000115f8                FEHLCD::_Clear()
 .text._ZN6FEHLCD8NextLineEv
                0x00011754       0x2a Libraries/FEHLCD.o
                0x00011754                FEHLCD::NextLine()
 .text._ZN6FEHLCD9CheckLineEv
                0x0001177e       0x28 Libraries/FEHLCD.o
                0x0001177e                FEHLCD::CheckLine()
 .text._ZN6FEHLCD8NextCharEv
                0x000117a6       0x32 Libraries/FEHLCD.o
                0x000117a6                FEHLCD::NextChar()
 .text._ZN6FEHLCD9DrawPixelEii
                0x000117d8       0x2a Libraries/FEHLCD.o
                0x000117d8                FEHLCD::DrawPixel(int, int)
 .text._Z4SwapRiS_
                0x00011802       0x28 Libraries/FEHLCD.o
                0x00011802                Swap(int&, int&)
 .text._ZN6FEHLCD13DrawRectangleEiiii
                0x0001182a       0x7c Libraries/FEHLCD.o
                0x0001182a                FEHLCD::DrawRectangle(int, int, int, int)
 .text._ZN6FEHLCD13SetDrawRegionEiiii
                0x000118a6       0xfe Libraries/FEHLCD.o
                0x000118a6                FEHLCD::SetDrawRegion(int, int, int, int)
 .text._ZN6FEHLCD8DrawLineEiiii
                0x000119a4      0x14c Libraries/FEHLCD.o
                0x000119a4                FEHLCD::DrawLine(int, int, int, int)
 .text._ZN6FEHLCD9WriteCharEiic
                0x00011af0       0x34 Libraries/FEHLCD.o
                0x00011af0                FEHLCD::WriteChar(int, int, char)
 .text._ZN6FEHLCD11WriteCharAtEiic
                0x00011b24      0x214 Libraries/FEHLCD.o
                0x00011b24                FEHLCD::WriteCharAt(int, int, char)
 .text._ZN6FEHLCD11RepeatColorEv
                0x00011d38       0x70 Libraries/FEHLCD.o
                0x00011d38                FEHLCD::RepeatColor()
 .text._ZN6FEHLCD10_ForePixelEv
                0x00011da8       0xc4 Libraries/FEHLCD.o
                0x00011da8                FEHLCD::_ForePixel()
 .text._ZN6FEHLCD10_BackPixelEv
                0x00011e6c       0xc4 Libraries/FEHLCD.o
                0x00011e6c                FEHLCD::_BackPixel()
 .text._ZN6FEHLCD22SetRegisterColorValuesEv
                0x00011f30      0x336 Libraries/FEHLCD.o
                0x00011f30                FEHLCD::SetRegisterColorValues()
 .text._ZN7FEHIcon4IconC2Ev
                0x00012266       0x14 Libraries/FEHLCD.o
                0x00012266                FEHIcon::Icon::Icon()
                0x00012266                FEHIcon::Icon::Icon()
 .text._ZN7FEHIcon4Icon13SetPropertiesEPciiiijj
                0x0001227a       0x6a Libraries/FEHLCD.o
                0x0001227a                FEHIcon::Icon::SetProperties(char*, int, int, int, int, unsigned int, unsigned int)
 .text._ZN7FEHIcon4Icon4DrawEv
                0x000122e4       0x90 Libraries/FEHLCD.o
                0x000122e4                FEHIcon::Icon::Draw()
 .text._ZN7FEHIcon4Icon6SelectEv
                0x00012374       0x90 Libraries/FEHLCD.o
                0x00012374                FEHIcon::Icon::Select()
 .text._ZN7FEHIcon4Icon8DeselectEv
                0x00012404       0x8c Libraries/FEHLCD.o
                0x00012404                FEHIcon::Icon::Deselect()
 .text._ZN7FEHIcon4Icon7PressedEffi
                0x00012490      0x13c Libraries/FEHLCD.o
                0x00012490                FEHIcon::Icon::Pressed(float, float, int)
 .text._ZN7FEHIcon4Icon12WhilePressedEff
                0x000125cc       0x50 Libraries/FEHLCD.o
                0x000125cc                FEHIcon::Icon::WhilePressed(float, float)
 .text._ZN7FEHIcon13DrawIconArrayEPNS_4IconEiiiiiiPA20_cjj
                0x0001261c      0x168 Libraries/FEHLCD.o
                0x0001261c                FEHIcon::DrawIconArray(FEHIcon::Icon*, int, int, int, int, int, int, char (*) [20], unsigned int, unsigned int)
 .text._Z41__static_initialization_and_destruction_0ii
                0x00012784       0x2c Libraries/FEHLCD.o
 .text._GLOBAL__sub_I_image
                0x000127b0       0x10 Libraries/FEHLCD.o
 .text._ZN8FEHAccelC2Ev
                0x000127c0       0x70 Libraries/FEHAccel.o
                0x000127c0                FEHAccel::FEHAccel()
                0x000127c0                FEHAccel::FEHAccel()
 .text._Z41__static_initialization_and_destruction_0ii
                0x00012830       0x2c Libraries/FEHAccel.o
 .text._GLOBAL__sub_I_Accel
                0x0001285c       0x10 Libraries/FEHAccel.o
 *fill*         0x0001286c        0x4 ff
 .text._ZN10FEHBattery7VoltageEv
                0x00012870       0x54 Libraries/FEHBattery.o
                0x00012870                FEHBattery::Voltage()
 .text._ZN10FEHBatteryC2EN5FEHIO8FEHIOPinE
                0x000128c4       0x22 Libraries/FEHBattery.o
                0x000128c4                FEHBattery::FEHBattery(FEHIO::FEHIOPin)
                0x000128c4                FEHBattery::FEHBattery(FEHIO::FEHIOPin)
 *fill*         0x000128e6        0x2 ff
 .text._Z41__static_initialization_and_destruction_0ii
                0x000128e8       0x30 Libraries/FEHBattery.o
 .text._GLOBAL__sub_I_Battery
                0x00012918       0x10 Libraries/FEHBattery.o
 .text._ZN7FEHXBeeC2Ev
                0x00012928       0x1a Drivers/FEHXBee.o
                0x00012928                FEHXBee::FEHXBee()
                0x00012928                FEHXBee::FEHXBee()
 *fill*         0x00012942        0x2 ff
 .text._ZN7FEHXBee10InitializeEv
                0x00012944       0xdc Drivers/FEHXBee.o
                0x00012944                FEHXBee::Initialize()
 .text._ZN7FEHXBee13IsInitializedEv
                0x00012a20       0x16 Drivers/FEHXBee.o
                0x00012a20                FEHXBee::IsInitialized()
 *fill*         0x00012a36        0x2 ff
 .text._ZN7FEHXBee17ReceiveDataSearchEPcjh
                0x00012a38       0x8c Drivers/FEHXBee.o
                0x00012a38                FEHXBee::ReceiveDataSearch(char*, unsigned int, unsigned char)
 .text._ZN7FEHXBee8SendDataEPcj
                0x00012ac4       0x40 Drivers/FEHXBee.o
                0x00012ac4                FEHXBee::SendData(char*, unsigned int)
 .text._ZN7FEHXBee17SetPacketCallBackEPFvPhhE
                0x00012b04       0x20 Drivers/FEHXBee.o
                0x00012b04                FEHXBee::SetPacketCallBack(void (*)(unsigned char*, unsigned char))
 .text._Z22UART0_RX_TX_IRQHandlerv
                0x00012b24       0xec Drivers/FEHXBee.o
                0x00012b24                UART0_RX_TX_IRQHandler()
 .text._ZN6FEHRCSC2Ev
                0x00012c10       0x74 Libraries/FEHRCS.o
                0x00012c10                FEHRCS::FEHRCS()
                0x00012c10                FEHRCS::FEHRCS()
 .text._ZN6FEHRCS10InitializeEiPKc
                0x00012c84      0x7a0 Libraries/FEHRCS.o
                0x00012c84                FEHRCS::Initialize(int, char const*)
 .text._ZN6FEHRCS10InitializeEcPKc
                0x00013424       0x4c Libraries/FEHRCS.o
                0x00013424                FEHRCS::Initialize(char, char const*)
 .text._ZN6FEHRCS19InitializeTouchMenuEPKc
                0x00013470      0x438 Libraries/FEHRCS.o
                0x00013470                FEHRCS::InitializeTouchMenu(char const*)
 .text._ZN6FEHRCS19CurrentRegionLetterEv
                0x000138a8       0x1c Libraries/FEHRCS.o
                0x000138a8                FEHRCS::CurrentRegionLetter()
 .text._ZN6FEHRCS15GetCorrectLeverEv
                0x000138c4       0x1c Libraries/FEHRCS.o
                0x000138c4                FEHRCS::GetCorrectLever()
 .text._ZN6FEHRCS13WaitForPacketEv
                0x000138e0       0x58 Libraries/FEHRCS.o
                0x000138e0                FEHRCS::WaitForPacket()
 .text._Z14RCSDataProcessPhh
                0x00013938       0xa0 Libraries/FEHRCS.o
                0x00013938                RCSDataProcess(unsigned char*, unsigned char)
 .text._Z41__static_initialization_and_destruction_0ii
                0x000139d8       0x2c Libraries/FEHRCS.o
 .text._GLOBAL__sub_I_RCS
                0x00013a04       0x10 Libraries/FEHRCS.o
 .text._ZN5FEHSDC2Ev
                0x00013a14       0x24 Libraries/FEHSD.o
                0x00013a14                FEHSD::FEHSD()
                0x00013a14                FEHSD::FEHSD()
 .text._ZN5FEHSD9FCloseAllEv
                0x00013a38       0x6c Libraries/FEHSD.o
                0x00013a38                FEHSD::FCloseAll()
 .text._Z41__static_initialization_and_destruction_0ii
                0x00013aa4       0x2c Libraries/FEHSD.o
 .text._GLOBAL__sub_I_SD
                0x00013ad0       0x10 Libraries/FEHSD.o
 .text._ZN9FEHRandom10InitializeEv
                0x00013ae0       0x3c Libraries/FEHRandom.o
                0x00013ae0                FEHRandom::Initialize()
 .text.startup._GLOBAL__sub_I__ZN9__gnu_cxx9__freeresEv
                0x00013b1c       0x28 c:/users/tummala.32/.vscode/extensions/chipcode-nl.gcc-arm-windows-1.0.1/bin/../lib/gcc/arm-none-eabi/10.2.1/../../../../arm-none-eabi/lib/thumb/v7e-m/nofp\libstdc++.a(eh_alloc.o)
 .text          0x00013b44      0x378 c:/users/tummala.32/.vscode/extensions/chipcode-nl.gcc-arm-windows-1.0.1/bin/../lib/gcc/arm-none-eabi/10.2.1/thumb/v7e-m/nofp\libgcc.a(_arm_addsubdf3.o)
                0x00013b44                __aeabi_drsub
                0x00013b4c                __aeabi_dsub
                0x00013b4c                __subdf3
                0x00013b50                __aeabi_dadd
                0x00013b50                __adddf3
                0x00013dc8                __floatunsidf
                0x00013dc8                __aeabi_ui2d
                0x00013de8                __floatsidf
                0x00013de8                __aeabi_i2d
                0x00013e0c                __aeabi_f2d
                0x00013e0c                __extendsfdf2
                0x00013e50                __floatundidf
                0x00013e50                __aeabi_ul2d
                0x00013e60                __floatdidf
                0x00013e60                __aeabi_l2d
 .text          0x00013ebc      0x424 c:/users/tummala.32/.vscode/extensions/chipcode-nl.gcc-arm-windows-1.0.1/bin/../lib/gcc/arm-none-eabi/10.2.1/thumb/v7e-m/nofp\libgcc.a(_arm_muldivdf3.o)
                0x00013ebc                __aeabi_dmul
                0x00013ebc                __muldf3
                0x00014110                __divdf3
                0x00014110                __aeabi_ddiv
 .text          0x000142e0      0x110 c:/users/tummala.32/.vscode/extensions/chipcode-nl.gcc-arm-windows-1.0.1/bin/../lib/gcc/arm-none-eabi/10.2.1/thumb/v7e-m/nofp\libgcc.a(_arm_cmpdf2.o)
                0x000142e0                __gtdf2
                0x000142e0                __gedf2
                0x000142e8                __ltdf2
                0x000142e8                __ledf2
                0x000142f0                __nedf2
                0x000142f0                __eqdf2
                0x000142f0                __cmpdf2
                0x0001436c                __aeabi_cdrcmple
                0x0001437c                __aeabi_cdcmpeq
                0x0001437c                __aeabi_cdcmple
                0x0001438c                __aeabi_dcmpeq
                0x000143a0                __aeabi_dcmplt
                0x000143b4                __aeabi_dcmple
                0x000143c8                __aeabi_dcmpge
                0x000143dc                __aeabi_dcmpgt
 .text          0x000143f0       0x50 c:/users/tummala.32/.vscode/extensions/chipcode-nl.gcc-arm-windows-1.0.1/bin/../lib/gcc/arm-none-eabi/10.2.1/thumb/v7e-m/nofp\libgcc.a(_arm_fixdfsi.o)
                0x000143f0                __aeabi_d2iz
                0x000143f0                __fixdfsi
 .text          0x00014440       0x40 c:/users/tummala.32/.vscode/extensions/chipcode-nl.gcc-arm-windows-1.0.1/bin/../lib/gcc/arm-none-eabi/10.2.1/thumb/v7e-m/nofp\libgcc.a(_arm_fixunsdfsi.o)
                0x00014440                __aeabi_d2uiz
                0x00014440                __fixunsdfsi
 .text          0x00014480       0xa0 c:/users/tummala.32/.vscode/extensions/chipcode-nl.gcc-arm-windows-1.0.1/bin/../lib/gcc/arm-none-eabi/10.2.1/thumb/v7e-m/nofp\libgcc.a(_arm_truncdfsf2.o)
                0x00014480                __truncdfsf2
                0x00014480                __aeabi_d2f
 .text          0x00014520      0x21c c:/users/tummala.32/.vscode/extensions/chipcode-nl.gcc-arm-windows-1.0.1/bin/../lib/gcc/arm-none-eabi/10.2.1/thumb/v7e-m/nofp\libgcc.a(_arm_addsubsf3.o)
                0x00014520                __aeabi_frsub
                0x00014528                __subsf3
                0x00014528                __aeabi_fsub
                0x0001452c                __aeabi_fadd
                0x0001452c                __addsf3
                0x0001468c                __aeabi_ui2f
                0x0001468c                __floatunsisf
                0x00014694                __aeabi_i2f
                0x00014694                __floatsisf
                0x000146b0                __aeabi_ul2f
                0x000146b0                __floatundisf
                0x000146c0                __aeabi_l2f
                0x000146c0                __floatdisf
 .text          0x0001473c      0x2a0 c:/users/tummala.32/.vscode/extensions/chipcode-nl.gcc-arm-windows-1.0.1/bin/../lib/gcc/arm-none-eabi/10.2.1/thumb/v7e-m/nofp\libgcc.a(_arm_muldivsf3.o)
                0x0001473c                __mulsf3
                0x0001473c                __aeabi_fmul
                0x000148a4                __aeabi_fdiv
                0x000148a4                __divsf3
 .text          0x000149dc       0xec c:/users/tummala.32/.vscode/extensions/chipcode-nl.gcc-arm-windows-1.0.1/bin/../lib/gcc/arm-none-eabi/10.2.1/thumb/v7e-m/nofp\libgcc.a(_arm_cmpsf2.o)
                0x000149dc                __gesf2
                0x000149dc                __gtsf2
                0x000149e4                __lesf2
                0x000149e4                __ltsf2
                0x000149ec                __nesf2
                0x000149ec                __eqsf2
                0x000149ec                __cmpsf2
                0x00014a4c                __aeabi_cfrcmple
                0x00014a54                __aeabi_cfcmpeq
                0x00014a54                __aeabi_cfcmple
                0x00014a64                __aeabi_fcmpeq
                0x00014a78                __aeabi_fcmplt
                0x00014a8c                __aeabi_fcmple
                0x00014aa0                __aeabi_fcmpge
                0x00014ab4                __aeabi_fcmpgt
 .text          0x00014ac8       0x4c c:/users/tummala.32/.vscode/extensions/chipcode-nl.gcc-arm-windows-1.0.1/bin/../lib/gcc/arm-none-eabi/10.2.1/thumb/v7e-m/nofp\libgcc.a(_arm_fixsfsi.o)
                0x00014ac8                __aeabi_f2iz
                0x00014ac8                __fixsfsi
 .text.abort    0x00014b14       0x10 c:/users/tummala.32/.vscode/extensions/chipcode-nl.gcc-arm-windows-1.0.1/bin/../lib/gcc/arm-none-eabi/10.2.1/../../../../arm-none-eabi/lib/thumb/v7e-m/nofp\libg.a(lib_a-abort.o)
                0x00014b14                abort
 .text.__sfvwrite_r
                0x00014b24      0x2e8 c:/users/tummala.32/.vscode/extensions/chipcode-nl.gcc-arm-windows-1.0.1/bin/../lib/gcc/arm-none-eabi/10.2.1/../../../../arm-none-eabi/lib/thumb/v7e-m/nofp\libg.a(lib_a-fvwrite.o)
                0x00014b24                __sfvwrite_r
 .text.__libc_init_array
                0x00014e0c       0x48 c:/users/tummala.32/.vscode/extensions/chipcode-nl.gcc-arm-windows-1.0.1/bin/../lib/gcc/arm-none-eabi/10.2.1/../../../../arm-none-eabi/lib/thumb/v7e-m/nofp\libg.a(lib_a-init.o)
                0x00014e0c                __libc_init_array
 .text.__retarget_lock_init_recursive
                0x00014e54        0x4 c:/users/tummala.32/.vscode/extensions/chipcode-nl.gcc-arm-windows-1.0.1/bin/../lib/gcc/arm-none-eabi/10.2.1/../../../../arm-none-eabi/lib/thumb/v7e-m/nofp\libg.a(lib_a-lock.o)
                0x00014e54                __retarget_lock_init_recursive
 .text.__retarget_lock_close_recursive
                0x00014e58        0x4 c:/users/tummala.32/.vscode/extensions/chipcode-nl.gcc-arm-windows-1.0.1/bin/../lib/gcc/arm-none-eabi/10.2.1/../../../../arm-none-eabi/lib/thumb/v7e-m/nofp\libg.a(lib_a-lock.o)
                0x00014e58                __retarget_lock_close_recursive
 .text.__retarget_lock_acquire_recursive
                0x00014e5c        0x4 c:/users/tummala.32/.vscode/extensions/chipcode-nl.gcc-arm-windows-1.0.1/bin/../lib/gcc/arm-none-eabi/10.2.1/../../../../arm-none-eabi/lib/thumb/v7e-m/nofp\libg.a(lib_a-lock.o)
                0x00014e5c                __retarget_lock_acquire_recursive
 .text.__retarget_lock_release_recursive
                0x00014e60        0x4 c:/users/tummala.32/.vscode/extensions/chipcode-nl.gcc-arm-windows-1.0.1/bin/../lib/gcc/arm-none-eabi/10.2.1/../../../../arm-none-eabi/lib/thumb/v7e-m/nofp\libg.a(lib_a-lock.o)
                0x00014e60                __retarget_lock_release_recursive
 .text.malloc   0x00014e64       0x10 c:/users/tummala.32/.vscode/extensions/chipcode-nl.gcc-arm-windows-1.0.1/bin/../lib/gcc/arm-none-eabi/10.2.1/../../../../arm-none-eabi/lib/thumb/v7e-m/nofp\libg.a(lib_a-malloc.o)
                0x00014e64                malloc
 .text._malloc_r
                0x00014e74      0x560 c:/users/tummala.32/.vscode/extensions/chipcode-nl.gcc-arm-windows-1.0.1/bin/../lib/gcc/arm-none-eabi/10.2.1/../../../../arm-none-eabi/lib/thumb/v7e-m/nofp\libg.a(lib_a-mallocr.o)
                0x00014e74                _malloc_r
 *fill*         0x000153d4        0xc ff
 .text          0x000153e0       0xa0 c:/users/tummala.32/.vscode/extensions/chipcode-nl.gcc-arm-windows-1.0.1/bin/../lib/gcc/arm-none-eabi/10.2.1/../../../../arm-none-eabi/lib/thumb/v7e-m/nofp\libg.a(lib_a-memchr.o)
                0x000153e0                memchr
 .text          0x00015480      0x134 c:/users/tummala.32/.vscode/extensions/chipcode-nl.gcc-arm-windows-1.0.1/bin/../lib/gcc/arm-none-eabi/10.2.1/../../../../arm-none-eabi/lib/thumb/v7e-m/nofp\libg.a(lib_a-memcpy.o)
                0x00015480                memcpy
 .text.memmove  0x000155b4       0xf8 c:/users/tummala.32/.vscode/extensions/chipcode-nl.gcc-arm-windows-1.0.1/bin/../lib/gcc/arm-none-eabi/10.2.1/../../../../arm-none-eabi/lib/thumb/v7e-m/nofp\libg.a(lib_a-memmove.o)
                0x000155b4                memmove
 .text.memset   0x000156ac       0xa4 c:/users/tummala.32/.vscode/extensions/chipcode-nl.gcc-arm-windows-1.0.1/bin/../lib/gcc/arm-none-eabi/10.2.1/../../../../arm-none-eabi/lib/thumb/v7e-m/nofp\libg.a(lib_a-memset.o)
                0x000156ac                memset
 .text.__malloc_lock
                0x00015750        0xc c:/users/tummala.32/.vscode/extensions/chipcode-nl.gcc-arm-windows-1.0.1/bin/../lib/gcc/arm-none-eabi/10.2.1/../../../../arm-none-eabi/lib/thumb/v7e-m/nofp\libg.a(lib_a-mlock.o)
                0x00015750                __malloc_lock
 .text.__malloc_unlock
                0x0001575c        0xc c:/users/tummala.32/.vscode/extensions/chipcode-nl.gcc-arm-windows-1.0.1/bin/../lib/gcc/arm-none-eabi/10.2.1/../../../../arm-none-eabi/lib/thumb/v7e-m/nofp\libg.a(lib_a-mlock.o)
                0x0001575c                __malloc_unlock
 .text._realloc_r
                0x00015768      0x3d8 c:/users/tummala.32/.vscode/extensions/chipcode-nl.gcc-arm-windows-1.0.1/bin/../lib/gcc/arm-none-eabi/10.2.1/../../../../arm-none-eabi/lib/thumb/v7e-m/nofp\libg.a(lib_a-reallocr.o)
                0x00015768                _realloc_r
 .text._sbrk_r  0x00015b40       0x24 c:/users/tummala.32/.vscode/extensions/chipcode-nl.gcc-arm-windows-1.0.1/bin/../lib/gcc/arm-none-eabi/10.2.1/../../../../arm-none-eabi/lib/thumb/v7e-m/nofp\libg.a(lib_a-sbrkr.o)
                0x00015b40                _sbrk_r
 .text.raise    0x00015b64       0x5c c:/users/tummala.32/.vscode/extensions/chipcode-nl.gcc-arm-windows-1.0.1/bin/../lib/gcc/arm-none-eabi/10.2.1/../../../../arm-none-eabi/lib/thumb/v7e-m/nofp\libg.a(lib_a-signal.o)
                0x00015b64                raise
 .text._kill_r  0x00015bc0       0x2c c:/users/tummala.32/.vscode/extensions/chipcode-nl.gcc-arm-windows-1.0.1/bin/../lib/gcc/arm-none-eabi/10.2.1/../../../../arm-none-eabi/lib/thumb/v7e-m/nofp\libg.a(lib_a-signalr.o)
                0x00015bc0                _kill_r
 .text._getpid_r
                0x00015bec        0x4 c:/users/tummala.32/.vscode/extensions/chipcode-nl.gcc-arm-windows-1.0.1/bin/../lib/gcc/arm-none-eabi/10.2.1/../../../../arm-none-eabi/lib/thumb/v7e-m/nofp\libg.a(lib_a-signalr.o)
                0x00015bec                _getpid_r
 .text.sprintf  0x00015bf0       0x40 c:/users/tummala.32/.vscode/extensions/chipcode-nl.gcc-arm-windows-1.0.1/bin/../lib/gcc/arm-none-eabi/10.2.1/../../../../arm-none-eabi/lib/thumb/v7e-m/nofp\libg.a(lib_a-sprintf.o)
                0x00015bf0                sprintf
 .text.strcpy   0x00015c30       0xbc c:/users/tummala.32/.vscode/extensions/chipcode-nl.gcc-arm-windows-1.0.1/bin/../lib/gcc/arm-none-eabi/10.2.1/../../../../arm-none-eabi/lib/thumb/v7e-m/nofp\libg.a(lib_a-strcpy.o)
                0x00015c30                strcpy
 *fill*         0x00015cec       0x14 ff
 .text          0x00015d00       0xdc c:/users/tummala.32/.vscode/extensions/chipcode-nl.gcc-arm-windows-1.0.1/bin/../lib/gcc/arm-none-eabi/10.2.1/../../../../arm-none-eabi/lib/thumb/v7e-m/nofp\libg.a(lib_a-strlen.o)
                0x00015d00                strlen
 .text._svfprintf_r
                0x00015ddc     0x1a3c c:/users/tummala.32/.vscode/extensions/chipcode-nl.gcc-arm-windows-1.0.1/bin/../lib/gcc/arm-none-eabi/10.2.1/../../../../arm-none-eabi/lib/thumb/v7e-m/nofp\libg.a(lib_a-svfprintf.o)
                0x00015ddc                _svfprintf_r
 .text.__swbuf_r
                0x00017818       0xb0 c:/users/tummala.32/.vscode/extensions/chipcode-nl.gcc-arm-windows-1.0.1/bin/../lib/gcc/arm-none-eabi/10.2.1/../../../../arm-none-eabi/lib/thumb/v7e-m/nofp\libg.a(lib_a-wbuf.o)
                0x00017818                __swbuf_r
 .text._write_r
                0x000178c8       0x2c c:/users/tummala.32/.vscode/extensions/chipcode-nl.gcc-arm-windows-1.0.1/bin/../lib/gcc/arm-none-eabi/10.2.1/../../../../arm-none-eabi/lib/thumb/v7e-m/nofp\libg.a(lib_a-writer.o)
                0x000178c8                _write_r
 .text.__swsetup_r
                0x000178f4       0xd4 c:/users/tummala.32/.vscode/extensions/chipcode-nl.gcc-arm-windows-1.0.1/bin/../lib/gcc/arm-none-eabi/10.2.1/../../../../arm-none-eabi/lib/thumb/v7e-m/nofp\libg.a(lib_a-wsetup.o)
                0x000178f4                __swsetup_r
 .text.startup.register_fini
                0x000179c8       0x14 c:/users/tummala.32/.vscode/extensions/chipcode-nl.gcc-arm-windows-1.0.1/bin/../lib/gcc/arm-none-eabi/10.2.1/../../../../arm-none-eabi/lib/thumb/v7e-m/nofp\libg.a(lib_a-__call_atexit.o)
 .text.atexit   0x000179dc        0xc c:/users/tummala.32/.vscode/extensions/chipcode-nl.gcc-arm-windows-1.0.1/bin/../lib/gcc/arm-none-eabi/10.2.1/../../../../arm-none-eabi/lib/thumb/v7e-m/nofp\libg.a(lib_a-atexit.o)
                0x000179dc                atexit
 .text.quorem   0x000179e8      0x124 c:/users/tummala.32/.vscode/extensions/chipcode-nl.gcc-arm-windows-1.0.1/bin/../lib/gcc/arm-none-eabi/10.2.1/../../../../arm-none-eabi/lib/thumb/v7e-m/nofp\libg.a(lib_a-dtoa.o)
 *fill*         0x00017b0c        0x4 ff
 .text._dtoa_r  0x00017b10      0xec4 c:/users/tummala.32/.vscode/extensions/chipcode-nl.gcc-arm-windows-1.0.1/bin/../lib/gcc/arm-none-eabi/10.2.1/../../../../arm-none-eabi/lib/thumb/v7e-m/nofp\libg.a(lib_a-dtoa.o)
                0x00017b10                _dtoa_r
 .text.__sflush_r
                0x000189d4      0x120 c:/users/tummala.32/.vscode/extensions/chipcode-nl.gcc-arm-windows-1.0.1/bin/../lib/gcc/arm-none-eabi/10.2.1/../../../../arm-none-eabi/lib/thumb/v7e-m/nofp\libg.a(lib_a-fflush.o)
                0x000189d4                __sflush_r
 .text._fflush_r
                0x00018af4       0x5c c:/users/tummala.32/.vscode/extensions/chipcode-nl.gcc-arm-windows-1.0.1/bin/../lib/gcc/arm-none-eabi/10.2.1/../../../../arm-none-eabi/lib/thumb/v7e-m/nofp\libg.a(lib_a-fflush.o)
                0x00018af4                _fflush_r
 .text._cleanup_r
                0x00018b50        0xc c:/users/tummala.32/.vscode/extensions/chipcode-nl.gcc-arm-windows-1.0.1/bin/../lib/gcc/arm-none-eabi/10.2.1/../../../../arm-none-eabi/lib/thumb/v7e-m/nofp\libg.a(lib_a-findfp.o)
                0x00018b50                _cleanup_r
 .text.__sinit  0x00018b5c      0x10c c:/users/tummala.32/.vscode/extensions/chipcode-nl.gcc-arm-windows-1.0.1/bin/../lib/gcc/arm-none-eabi/10.2.1/../../../../arm-none-eabi/lib/thumb/v7e-m/nofp\libg.a(lib_a-findfp.o)
                0x00018b5c                __sinit
 .text.__sfp_lock_acquire
                0x00018c68        0xc c:/users/tummala.32/.vscode/extensions/chipcode-nl.gcc-arm-windows-1.0.1/bin/../lib/gcc/arm-none-eabi/10.2.1/../../../../arm-none-eabi/lib/thumb/v7e-m/nofp\libg.a(lib_a-findfp.o)
                0x00018c68                __sfp_lock_acquire
 .text.__sfp_lock_release
                0x00018c74        0xc c:/users/tummala.32/.vscode/extensions/chipcode-nl.gcc-arm-windows-1.0.1/bin/../lib/gcc/arm-none-eabi/10.2.1/../../../../arm-none-eabi/lib/thumb/v7e-m/nofp\libg.a(lib_a-findfp.o)
                0x00018c74                __sfp_lock_release
 .text.__libc_fini_array
                0x00018c80       0x2c c:/users/tummala.32/.vscode/extensions/chipcode-nl.gcc-arm-windows-1.0.1/bin/../lib/gcc/arm-none-eabi/10.2.1/../../../../arm-none-eabi/lib/thumb/v7e-m/nofp\libg.a(lib_a-fini.o)
                0x00018c80                __libc_fini_array
 .text._malloc_trim_r
                0x00018cac       0xa0 c:/users/tummala.32/.vscode/extensions/chipcode-nl.gcc-arm-windows-1.0.1/bin/../lib/gcc/arm-none-eabi/10.2.1/../../../../arm-none-eabi/lib/thumb/v7e-m/nofp\libg.a(lib_a-freer.o)
                0x00018cac                _malloc_trim_r
 .text._free_r  0x00018d4c      0x20c c:/users/tummala.32/.vscode/extensions/chipcode-nl.gcc-arm-windows-1.0.1/bin/../lib/gcc/arm-none-eabi/10.2.1/../../../../arm-none-eabi/lib/thumb/v7e-m/nofp\libg.a(lib_a-freer.o)
                0x00018d4c                _free_r
 .text._fwalk_reent
                0x00018f58       0x48 c:/users/tummala.32/.vscode/extensions/chipcode-nl.gcc-arm-windows-1.0.1/bin/../lib/gcc/arm-none-eabi/10.2.1/../../../../arm-none-eabi/lib/thumb/v7e-m/nofp\libg.a(lib_a-fwalk.o)
                0x00018f58                _fwalk_reent
 .text._localeconv_r
                0x00018fa0        0x8 c:/users/tummala.32/.vscode/extensions/chipcode-nl.gcc-arm-windows-1.0.1/bin/../lib/gcc/arm-none-eabi/10.2.1/../../../../arm-none-eabi/lib/thumb/v7e-m/nofp\libg.a(lib_a-localeconv.o)
                0x00018fa0                _localeconv_r
 .text.__smakebuf_r
                0x00018fa8       0xe0 c:/users/tummala.32/.vscode/extensions/chipcode-nl.gcc-arm-windows-1.0.1/bin/../lib/gcc/arm-none-eabi/10.2.1/../../../../arm-none-eabi/lib/thumb/v7e-m/nofp\libg.a(lib_a-makebuf.o)
                0x00018fa8                __smakebuf_r
 .text._Balloc  0x00019088       0x4c c:/users/tummala.32/.vscode/extensions/chipcode-nl.gcc-arm-windows-1.0.1/bin/../lib/gcc/arm-none-eabi/10.2.1/../../../../arm-none-eabi/lib/thumb/v7e-m/nofp\libg.a(lib_a-mprec.o)
                0x00019088                _Balloc
 .text._Bfree   0x000190d4       0x14 c:/users/tummala.32/.vscode/extensions/chipcode-nl.gcc-arm-windows-1.0.1/bin/../lib/gcc/arm-none-eabi/10.2.1/../../../../arm-none-eabi/lib/thumb/v7e-m/nofp\libg.a(lib_a-mprec.o)
                0x000190d4                _Bfree
 .text.__multadd
                0x000190e8       0xa0 c:/users/tummala.32/.vscode/extensions/chipcode-nl.gcc-arm-windows-1.0.1/bin/../lib/gcc/arm-none-eabi/10.2.1/../../../../arm-none-eabi/lib/thumb/v7e-m/nofp\libg.a(lib_a-mprec.o)
                0x000190e8                __multadd
 .text.__hi0bits
                0x00019188       0x40 c:/users/tummala.32/.vscode/extensions/chipcode-nl.gcc-arm-windows-1.0.1/bin/../lib/gcc/arm-none-eabi/10.2.1/../../../../arm-none-eabi/lib/thumb/v7e-m/nofp\libg.a(lib_a-mprec.o)
                0x00019188                __hi0bits
 .text.__lo0bits
                0x000191c8       0x5c c:/users/tummala.32/.vscode/extensions/chipcode-nl.gcc-arm-windows-1.0.1/bin/../lib/gcc/arm-none-eabi/10.2.1/../../../../arm-none-eabi/lib/thumb/v7e-m/nofp\libg.a(lib_a-mprec.o)
                0x000191c8                __lo0bits
 .text.__i2b    0x00019224       0x5c c:/users/tummala.32/.vscode/extensions/chipcode-nl.gcc-arm-windows-1.0.1/bin/../lib/gcc/arm-none-eabi/10.2.1/../../../../arm-none-eabi/lib/thumb/v7e-m/nofp\libg.a(lib_a-mprec.o)
                0x00019224                __i2b
 .text.__multiply
                0x00019280      0x15c c:/users/tummala.32/.vscode/extensions/chipcode-nl.gcc-arm-windows-1.0.1/bin/../lib/gcc/arm-none-eabi/10.2.1/../../../../arm-none-eabi/lib/thumb/v7e-m/nofp\libg.a(lib_a-mprec.o)
                0x00019280                __multiply
 .text.__pow5mult
                0x000193dc       0xc0 c:/users/tummala.32/.vscode/extensions/chipcode-nl.gcc-arm-windows-1.0.1/bin/../lib/gcc/arm-none-eabi/10.2.1/../../../../arm-none-eabi/lib/thumb/v7e-m/nofp\libg.a(lib_a-mprec.o)
                0x000193dc                __pow5mult
 .text.__lshift
                0x0001949c       0xf0 c:/users/tummala.32/.vscode/extensions/chipcode-nl.gcc-arm-windows-1.0.1/bin/../lib/gcc/arm-none-eabi/10.2.1/../../../../arm-none-eabi/lib/thumb/v7e-m/nofp\libg.a(lib_a-mprec.o)
                0x0001949c                __lshift
 .text.__mcmp   0x0001958c       0x40 c:/users/tummala.32/.vscode/extensions/chipcode-nl.gcc-arm-windows-1.0.1/bin/../lib/gcc/arm-none-eabi/10.2.1/../../../../arm-none-eabi/lib/thumb/v7e-m/nofp\libg.a(lib_a-mprec.o)
                0x0001958c                __mcmp
 .text.__mdiff  0x000195cc      0x14c c:/users/tummala.32/.vscode/extensions/chipcode-nl.gcc-arm-windows-1.0.1/bin/../lib/gcc/arm-none-eabi/10.2.1/../../../../arm-none-eabi/lib/thumb/v7e-m/nofp\libg.a(lib_a-mprec.o)
                0x000195cc                __mdiff
 .text.__d2b    0x00019718       0xc4 c:/users/tummala.32/.vscode/extensions/chipcode-nl.gcc-arm-windows-1.0.1/bin/../lib/gcc/arm-none-eabi/10.2.1/../../../../arm-none-eabi/lib/thumb/v7e-m/nofp\libg.a(lib_a-mprec.o)
                0x00019718                __d2b
 .text.frexp    0x000197dc       0x70 c:/users/tummala.32/.vscode/extensions/chipcode-nl.gcc-arm-windows-1.0.1/bin/../lib/gcc/arm-none-eabi/10.2.1/../../../../arm-none-eabi/lib/thumb/v7e-m/nofp\libg.a(lib_a-s_frexp.o)
                0x000197dc                frexp
 .text.__sread  0x0001984c       0x24 c:/users/tummala.32/.vscode/extensions/chipcode-nl.gcc-arm-windows-1.0.1/bin/../lib/gcc/arm-none-eabi/10.2.1/../../../../arm-none-eabi/lib/thumb/v7e-m/nofp\libg.a(lib_a-stdio.o)
                0x0001984c                __sread
 .text.__swrite
                0x00019870       0x40 c:/users/tummala.32/.vscode/extensions/chipcode-nl.gcc-arm-windows-1.0.1/bin/../lib/gcc/arm-none-eabi/10.2.1/../../../../arm-none-eabi/lib/thumb/v7e-m/nofp\libg.a(lib_a-stdio.o)
                0x00019870                __swrite
 .text.__sseek  0x000198b0       0x20 c:/users/tummala.32/.vscode/extensions/chipcode-nl.gcc-arm-windows-1.0.1/bin/../lib/gcc/arm-none-eabi/10.2.1/../../../../arm-none-eabi/lib/thumb/v7e-m/nofp\libg.a(lib_a-stdio.o)
                0x000198b0                __sseek
 .text.__sclose
                0x000198d0        0x8 c:/users/tummala.32/.vscode/extensions/chipcode-nl.gcc-arm-windows-1.0.1/bin/../lib/gcc/arm-none-eabi/10.2.1/../../../../arm-none-eabi/lib/thumb/v7e-m/nofp\libg.a(lib_a-stdio.o)
                0x000198d0                __sclose
 .text.strncpy  0x000198d8       0x64 c:/users/tummala.32/.vscode/extensions/chipcode-nl.gcc-arm-windows-1.0.1/bin/../lib/gcc/arm-none-eabi/10.2.1/../../../../arm-none-eabi/lib/thumb/v7e-m/nofp\libg.a(lib_a-strncpy.o)
                0x000198d8                strncpy
 .text.__ssprint_r
                0x0001993c       0xf8 c:/users/tummala.32/.vscode/extensions/chipcode-nl.gcc-arm-windows-1.0.1/bin/../lib/gcc/arm-none-eabi/10.2.1/../../../../arm-none-eabi/lib/thumb/v7e-m/nofp\libg.a(lib_a-svfiprintf.o)
                0x0001993c                __ssprint_r
 .text.__register_exitproc
                0x00019a34       0x8c c:/users/tummala.32/.vscode/extensions/chipcode-nl.gcc-arm-windows-1.0.1/bin/../lib/gcc/arm-none-eabi/10.2.1/../../../../arm-none-eabi/lib/thumb/v7e-m/nofp\libg.a(lib_a-__atexit.o)
                0x00019a34                __register_exitproc
 .text.__assert_func
                0x00019ac0       0x40 c:/users/tummala.32/.vscode/extensions/chipcode-nl.gcc-arm-windows-1.0.1/bin/../lib/gcc/arm-none-eabi/10.2.1/../../../../arm-none-eabi/lib/thumb/v7e-m/nofp\libg.a(lib_a-assert.o)
                0x00019ac0                __assert_func
 .text._calloc_r
                0x00019b00       0x60 c:/users/tummala.32/.vscode/extensions/chipcode-nl.gcc-arm-windows-1.0.1/bin/../lib/gcc/arm-none-eabi/10.2.1/../../../../arm-none-eabi/lib/thumb/v7e-m/nofp\libg.a(lib_a-callocr.o)
                0x00019b00                _calloc_r
 .text._close_r
                0x00019b60       0x24 c:/users/tummala.32/.vscode/extensions/chipcode-nl.gcc-arm-windows-1.0.1/bin/../lib/gcc/arm-none-eabi/10.2.1/../../../../arm-none-eabi/lib/thumb/v7e-m/nofp\libg.a(lib_a-closer.o)
                0x00019b60                _close_r
 .text._fclose_r
                0x00019b84       0xcc c:/users/tummala.32/.vscode/extensions/chipcode-nl.gcc-arm-windows-1.0.1/bin/../lib/gcc/arm-none-eabi/10.2.1/../../../../arm-none-eabi/lib/thumb/v7e-m/nofp\libg.a(lib_a-fclose.o)
                0x00019b84                _fclose_r
 .text.fiprintf
                0x00019c50       0x28 c:/users/tummala.32/.vscode/extensions/chipcode-nl.gcc-arm-windows-1.0.1/bin/../lib/gcc/arm-none-eabi/10.2.1/../../../../arm-none-eabi/lib/thumb/v7e-m/nofp\libg.a(lib_a-fiprintf.o)
                0x00019c50                fiprintf
 .text._fstat_r
                0x00019c78       0x2c c:/users/tummala.32/.vscode/extensions/chipcode-nl.gcc-arm-windows-1.0.1/bin/../lib/gcc/arm-none-eabi/10.2.1/../../../../arm-none-eabi/lib/thumb/v7e-m/nofp\libg.a(lib_a-fstatr.o)
                0x00019c78                _fstat_r
 .text._isatty_r
                0x00019ca4       0x24 c:/users/tummala.32/.vscode/extensions/chipcode-nl.gcc-arm-windows-1.0.1/bin/../lib/gcc/arm-none-eabi/10.2.1/../../../../arm-none-eabi/lib/thumb/v7e-m/nofp\libg.a(lib_a-isattyr.o)
                0x00019ca4                _isatty_r
 .text.__locale_mb_cur_max
                0x00019cc8        0xc c:/users/tummala.32/.vscode/extensions/chipcode-nl.gcc-arm-windows-1.0.1/bin/../lib/gcc/arm-none-eabi/10.2.1/../../../../arm-none-eabi/lib/thumb/v7e-m/nofp\libg.a(lib_a-locale.o)
                0x00019cc8                __locale_mb_cur_max
 .text._lseek_r
                0x00019cd4       0x2c c:/users/tummala.32/.vscode/extensions/chipcode-nl.gcc-arm-windows-1.0.1/bin/../lib/gcc/arm-none-eabi/10.2.1/../../../../arm-none-eabi/lib/thumb/v7e-m/nofp\libg.a(lib_a-lseekr.o)
                0x00019cd4                _lseek_r
 .text.__ascii_mbtowc
                0x00019d00       0x2c c:/users/tummala.32/.vscode/extensions/chipcode-nl.gcc-arm-windows-1.0.1/bin/../lib/gcc/arm-none-eabi/10.2.1/../../../../arm-none-eabi/lib/thumb/v7e-m/nofp\libg.a(lib_a-mbtowc_r.o)
                0x00019d00                __ascii_mbtowc
 .text._read_r  0x00019d2c       0x2c c:/users/tummala.32/.vscode/extensions/chipcode-nl.gcc-arm-windows-1.0.1/bin/../lib/gcc/arm-none-eabi/10.2.1/../../../../arm-none-eabi/lib/thumb/v7e-m/nofp\libg.a(lib_a-readr.o)
                0x00019d2c                _read_r
 .text.__sprint_r.part.0
                0x00019d58       0x78 c:/users/tummala.32/.vscode/extensions/chipcode-nl.gcc-arm-windows-1.0.1/bin/../lib/gcc/arm-none-eabi/10.2.1/../../../../arm-none-eabi/lib/thumb/v7e-m/nofp\libg.a(lib_a-vfiprintf.o)
 .text._vfiprintf_r
                0x00019dd0      0xd94 c:/users/tummala.32/.vscode/extensions/chipcode-nl.gcc-arm-windows-1.0.1/bin/../lib/gcc/arm-none-eabi/10.2.1/../../../../arm-none-eabi/lib/thumb/v7e-m/nofp\libg.a(lib_a-vfiprintf.o)
                0x00019dd0                _vfiprintf_r
 .text.__sbprintf
                0x0001ab64       0x80 c:/users/tummala.32/.vscode/extensions/chipcode-nl.gcc-arm-windows-1.0.1/bin/../lib/gcc/arm-none-eabi/10.2.1/../../../../arm-none-eabi/lib/thumb/v7e-m/nofp\libg.a(lib_a-vfiprintf.o)
 .text.__ascii_wctomb
                0x0001abe4       0x1c c:/users/tummala.32/.vscode/extensions/chipcode-nl.gcc-arm-windows-1.0.1/bin/../lib/gcc/arm-none-eabi/10.2.1/../../../../arm-none-eabi/lib/thumb/v7e-m/nofp\libg.a(lib_a-wctomb_r.o)
                0x0001abe4                __ascii_wctomb
 .text.__fputwc
                0x0001ac00       0xa8 c:/users/tummala.32/.vscode/extensions/chipcode-nl.gcc-arm-windows-1.0.1/bin/../lib/gcc/arm-none-eabi/10.2.1/../../../../arm-none-eabi/lib/thumb/v7e-m/nofp\libg.a(lib_a-fputwc.o)
                0x0001ac00                __fputwc
 .text._fputwc_r
                0x0001aca8       0x68 c:/users/tummala.32/.vscode/extensions/chipcode-nl.gcc-arm-windows-1.0.1/bin/../lib/gcc/arm-none-eabi/10.2.1/../../../../arm-none-eabi/lib/thumb/v7e-m/nofp\libg.a(lib_a-fputwc.o)
                0x0001aca8                _fputwc_r
 .text._wcrtomb_r
                0x0001ad10       0x3c c:/users/tummala.32/.vscode/extensions/chipcode-nl.gcc-arm-windows-1.0.1/bin/../lib/gcc/arm-none-eabi/10.2.1/../../../../arm-none-eabi/lib/thumb/v7e-m/nofp\libg.a(lib_a-wcrtomb.o)
                0x0001ad10                _wcrtomb_r
 .text          0x0001ad4c       0x2c c:/users/tummala.32/.vscode/extensions/chipcode-nl.gcc-arm-windows-1.0.1/bin/../lib/gcc/arm-none-eabi/10.2.1/thumb/v7e-m/nofp\libgcc.a(_arm_unorddf2.o)
                0x0001ad4c                __unorddf2
                0x0001ad4c                __aeabi_dcmpun
 .text          0x0001ad78       0x30 c:/users/tummala.32/.vscode/extensions/chipcode-nl.gcc-arm-windows-1.0.1/bin/../lib/gcc/arm-none-eabi/10.2.1/thumb/v7e-m/nofp\libgcc.a(_aeabi_uldivmod.o)
                0x0001ad78                __aeabi_uldivmod
 .text          0x0001ada8      0x2d0 c:/users/tummala.32/.vscode/extensions/chipcode-nl.gcc-arm-windows-1.0.1/bin/../lib/gcc/arm-none-eabi/10.2.1/thumb/v7e-m/nofp\libgcc.a(_udivmoddi4.o)
                0x0001ada8                __udivmoddi4
 .text          0x0001b078        0x4 c:/users/tummala.32/.vscode/extensions/chipcode-nl.gcc-arm-windows-1.0.1/bin/../lib/gcc/arm-none-eabi/10.2.1/thumb/v7e-m/nofp\libgcc.a(_dvmd_tls.o)
                0x0001b078                __aeabi_idiv0
                0x0001b078                __aeabi_ldiv0
 .text._close   0x0001b07c       0x10 c:/users/tummala.32/.vscode/extensions/chipcode-nl.gcc-arm-windows-1.0.1/bin/../lib/gcc/arm-none-eabi/10.2.1/../../../../arm-none-eabi/lib/thumb/v7e-m/nofp\libnosys.a(close.o)
                0x0001b07c                _close
 .text._fstat   0x0001b08c       0x10 c:/users/tummala.32/.vscode/extensions/chipcode-nl.gcc-arm-windows-1.0.1/bin/../lib/gcc/arm-none-eabi/10.2.1/../../../../arm-none-eabi/lib/thumb/v7e-m/nofp\libnosys.a(fstat.o)
                0x0001b08c                _fstat
 .text._getpid  0x0001b09c       0x10 c:/users/tummala.32/.vscode/extensions/chipcode-nl.gcc-arm-windows-1.0.1/bin/../lib/gcc/arm-none-eabi/10.2.1/../../../../arm-none-eabi/lib/thumb/v7e-m/nofp\libnosys.a(getpid.o)
                0x0001b09c                _getpid
 .text._isatty  0x0001b0ac       0x10 c:/users/tummala.32/.vscode/extensions/chipcode-nl.gcc-arm-windows-1.0.1/bin/../lib/gcc/arm-none-eabi/10.2.1/../../../../arm-none-eabi/lib/thumb/v7e-m/nofp\libnosys.a(isatty.o)
                0x0001b0ac                _isatty
 .text._kill    0x0001b0bc       0x10 c:/users/tummala.32/.vscode/extensions/chipcode-nl.gcc-arm-windows-1.0.1/bin/../lib/gcc/arm-none-eabi/10.2.1/../../../../arm-none-eabi/lib/thumb/v7e-m/nofp\libnosys.a(kill.o)
                0x0001b0bc                _kill
 .text._lseek   0x0001b0cc       0x10 c:/users/tummala.32/.vscode/extensions/chipcode-nl.gcc-arm-windows-1.0.1/bin/../lib/gcc/arm-none-eabi/10.2.1/../../../../arm-none-eabi/lib/thumb/v7e-m/nofp\libnosys.a(lseek.o)
                0x0001b0cc                _lseek
 .text._read    0x0001b0dc       0x10 c:/users/tummala.32/.vscode/extensions/chipcode-nl.gcc-arm-windows-1.0.1/bin/../lib/gcc/arm-none-eabi/10.2.1/../../../../arm-none-eabi/lib/thumb/v7e-m/nofp\libnosys.a(read.o)
                0x0001b0dc                _read
 .text._sbrk    0x0001b0ec       0x1c c:/users/tummala.32/.vscode/extensions/chipcode-nl.gcc-arm-windows-1.0.1/bin/../lib/gcc/arm-none-eabi/10.2.1/../../../../arm-none-eabi/lib/thumb/v7e-m/nofp\libnosys.a(sbrk.o)
                0x0001b0ec                _sbrk
 .text._write   0x0001b108       0x10 c:/users/tummala.32/.vscode/extensions/chipcode-nl.gcc-arm-windows-1.0.1/bin/../lib/gcc/arm-none-eabi/10.2.1/../../../../arm-none-eabi/lib/thumb/v7e-m/nofp\libnosys.a(write.o)
                0x0001b108                _write
 .text._exit    0x0001b118        0x4 c:/users/tummala.32/.vscode/extensions/chipcode-nl.gcc-arm-windows-1.0.1/bin/../lib/gcc/arm-none-eabi/10.2.1/../../../../arm-none-eabi/lib/thumb/v7e-m/nofp\libnosys.a(_exit.o)
                0x0001b118                _exit
 *(.rodata .rodata.* .constdata .constdata.*)
 .rodata        0x0001b11c       0x1a ../main.o
 *fill*         0x0001b136        0x2 ff
 .rodata.K60_SDHC0_init
                0x0001b138        0xc Drivers/SDHC.o
                0x0001b138                K60_SDHC0_init
 .rodata._ZL21ESDHC_COMMAND_XFERTYP
                0x0001b144      0x100 Drivers/SDHC.o
 .rodata._ZL9GPIOPorts
                0x0001b244       0x20 Libraries/FEHIO.o
 .rodata._ZL10ADCNumbers
                0x0001b264       0x21 Libraries/FEHIO.o
 *fill*         0x0001b285        0x3 ff
 .rodata._ZL14GPIOPinNumbers
                0x0001b288       0x80 Libraries/FEHIO.o
 .rodata._ZL16AnalogPinNumbers
                0x0001b308       0x84 Libraries/FEHIO.o
 .rodata        0x0001b38c       0x78 Libraries/FEHIO.o
 .rodata        0x0001b404       0x32 Libraries/FEHLCD.o
 *fill*         0x0001b436        0x2 ff
 .rodata        0x0001b438      0x3f4 Libraries/FEHRCS.o
 .rodata._global_impure_ptr
                0x0001b82c        0x4 c:/users/tummala.32/.vscode/extensions/chipcode-nl.gcc-arm-windows-1.0.1/bin/../lib/gcc/arm-none-eabi/10.2.1/../../../../arm-none-eabi/lib/thumb/v7e-m/nofp\libg.a(lib_a-impure.o)
                0x0001b82c                _global_impure_ptr
 .rodata._svfprintf_r.str1.4
                0x0001b830       0x42 c:/users/tummala.32/.vscode/extensions/chipcode-nl.gcc-arm-windows-1.0.1/bin/../lib/gcc/arm-none-eabi/10.2.1/../../../../arm-none-eabi/lib/thumb/v7e-m/nofp\libg.a(lib_a-svfprintf.o)
 *fill*         0x0001b872        0x2 ff
 .rodata.blanks.1
                0x0001b874       0x10 c:/users/tummala.32/.vscode/extensions/chipcode-nl.gcc-arm-windows-1.0.1/bin/../lib/gcc/arm-none-eabi/10.2.1/../../../../arm-none-eabi/lib/thumb/v7e-m/nofp\libg.a(lib_a-svfprintf.o)
 .rodata.zeroes.0
                0x0001b884       0x10 c:/users/tummala.32/.vscode/extensions/chipcode-nl.gcc-arm-windows-1.0.1/bin/../lib/gcc/arm-none-eabi/10.2.1/../../../../arm-none-eabi/lib/thumb/v7e-m/nofp\libg.a(lib_a-svfprintf.o)
 .rodata._dtoa_r.str1.4
                0x0001b894       0xa1 c:/users/tummala.32/.vscode/extensions/chipcode-nl.gcc-arm-windows-1.0.1/bin/../lib/gcc/arm-none-eabi/10.2.1/../../../../arm-none-eabi/lib/thumb/v7e-m/nofp\libg.a(lib_a-dtoa.o)
                                 0xa5 (size before relaxing)
 *fill*         0x0001b935        0x3 ff
 .rodata.__multadd.str1.4
                0x0001b938       0x7e c:/users/tummala.32/.vscode/extensions/chipcode-nl.gcc-arm-windows-1.0.1/bin/../lib/gcc/arm-none-eabi/10.2.1/../../../../arm-none-eabi/lib/thumb/v7e-m/nofp\libg.a(lib_a-mprec.o)
                                 0x92 (size before relaxing)
 *fill*         0x0001b9b6        0x2 ff
 .rodata.__mprec_bigtens
                0x0001b9b8       0x28 c:/users/tummala.32/.vscode/extensions/chipcode-nl.gcc-arm-windows-1.0.1/bin/../lib/gcc/arm-none-eabi/10.2.1/../../../../arm-none-eabi/lib/thumb/v7e-m/nofp\libg.a(lib_a-mprec.o)
                0x0001b9b8                __mprec_bigtens
 .rodata.__mprec_tens
                0x0001b9e0       0xc8 c:/users/tummala.32/.vscode/extensions/chipcode-nl.gcc-arm-windows-1.0.1/bin/../lib/gcc/arm-none-eabi/10.2.1/../../../../arm-none-eabi/lib/thumb/v7e-m/nofp\libg.a(lib_a-mprec.o)
                0x0001b9e0                __mprec_tens
 .rodata.p05.0  0x0001baa8        0xc c:/users/tummala.32/.vscode/extensions/chipcode-nl.gcc-arm-windows-1.0.1/bin/../lib/gcc/arm-none-eabi/10.2.1/../../../../arm-none-eabi/lib/thumb/v7e-m/nofp\libg.a(lib_a-mprec.o)
 .rodata.__assert_func.str1.4
                0x0001bab4       0x3f c:/users/tummala.32/.vscode/extensions/chipcode-nl.gcc-arm-windows-1.0.1/bin/../lib/gcc/arm-none-eabi/10.2.1/../../../../arm-none-eabi/lib/thumb/v7e-m/nofp\libg.a(lib_a-assert.o)
                                 0x43 (size before relaxing)
 *fill*         0x0001baf3        0x1 ff
 .rodata._ctype_
                0x0001baf4      0x101 c:/users/tummala.32/.vscode/extensions/chipcode-nl.gcc-arm-windows-1.0.1/bin/../lib/gcc/arm-none-eabi/10.2.1/../../../../arm-none-eabi/lib/thumb/v7e-m/nofp\libg.a(lib_a-ctype_.o)
                0x0001baf4                _ctype_
 *fill*         0x0001bbf5        0x3 ff
 .rodata._setlocale_r.str1.4
                0x0001bbf8        0xa c:/users/tummala.32/.vscode/extensions/chipcode-nl.gcc-arm-windows-1.0.1/bin/../lib/gcc/arm-none-eabi/10.2.1/../../../../arm-none-eabi/lib/thumb/v7e-m/nofp\libg.a(lib_a-locale.o)
                                  0xd (size before relaxing)
 *fill*         0x0001bc02        0x2 ff
 .rodata.str1.4
                0x0001bc04        0x2 c:/users/tummala.32/.vscode/extensions/chipcode-nl.gcc-arm-windows-1.0.1/bin/../lib/gcc/arm-none-eabi/10.2.1/../../../../arm-none-eabi/lib/thumb/v7e-m/nofp\libg.a(lib_a-locale.o)
 .rodata._vfiprintf_r.str1.4
                0x0001bc06       0x2f c:/users/tummala.32/.vscode/extensions/chipcode-nl.gcc-arm-windows-1.0.1/bin/../lib/gcc/arm-none-eabi/10.2.1/../../../../arm-none-eabi/lib/thumb/v7e-m/nofp\libg.a(lib_a-vfiprintf.o)
 *fill*         0x0001bc06        0x2 ff
 .rodata.blanks.1
                0x0001bc08       0x10 c:/users/tummala.32/.vscode/extensions/chipcode-nl.gcc-arm-windows-1.0.1/bin/../lib/gcc/arm-none-eabi/10.2.1/../../../../arm-none-eabi/lib/thumb/v7e-m/nofp\libg.a(lib_a-vfiprintf.o)
 .rodata.zeroes.0
                0x0001bc18       0x10 c:/users/tummala.32/.vscode/extensions/chipcode-nl.gcc-arm-windows-1.0.1/bin/../lib/gcc/arm-none-eabi/10.2.1/../../../../arm-none-eabi/lib/thumb/v7e-m/nofp\libg.a(lib_a-vfiprintf.o)
                0x0001bc28                . = ALIGN (0x4)
                0x0001bc28                . = ALIGN (0x4)
 *(.init)
 .init          0x0001bc28        0x4 c:/users/tummala.32/.vscode/extensions/chipcode-nl.gcc-arm-windows-1.0.1/bin/../lib/gcc/arm-none-eabi/10.2.1/thumb/v7e-m/nofp/crti.o
                0x0001bc28                _init
 .init          0x0001bc2c        0x8 c:/users/tummala.32/.vscode/extensions/chipcode-nl.gcc-arm-windows-1.0.1/bin/../lib/gcc/arm-none-eabi/10.2.1/thumb/v7e-m/nofp/crtn.o
                0x0001bc34                . = ALIGN (0x4)
                0x0001bc34                __preinit_array_start = .
 *(.preinit_array)
                0x0001bc34                __preinit_array_end = .
                0x0001bc34                . = ALIGN (0x4)
                0x0001bc34                __init_array_start = .
 *(SORT_BY_NAME(.init_array.*))
 .init_array.00000
                0x0001bc34        0x4 c:/users/tummala.32/.vscode/extensions/chipcode-nl.gcc-arm-windows-1.0.1/bin/../lib/gcc/arm-none-eabi/10.2.1/../../../../arm-none-eabi/lib/thumb/v7e-m/nofp\libg.a(lib_a-__call_atexit.o)
 *(.init_array)
 .init_array    0x0001bc38        0x4 c:/users/tummala.32/.vscode/extensions/chipcode-nl.gcc-arm-windows-1.0.1/bin/../lib/gcc/arm-none-eabi/10.2.1/thumb/v7e-m/nofp/crtbegin.o
 .init_array    0x0001bc3c        0x4 ../main.o
 .init_array    0x0001bc40        0x4 FEHProteus.o
 .init_array    0x0001bc44        0x4 Libraries/FEHBuzzer.o
 .init_array    0x0001bc48        0x4 Libraries/FEHLCD.o
 .init_array    0x0001bc4c        0x4 Libraries/FEHAccel.o
 .init_array    0x0001bc50        0x4 Libraries/FEHBattery.o
 .init_array    0x0001bc54        0x4 Libraries/FEHRCS.o
 .init_array    0x0001bc58        0x4 Libraries/FEHSD.o
 .init_array    0x0001bc5c        0x4 c:/users/tummala.32/.vscode/extensions/chipcode-nl.gcc-arm-windows-1.0.1/bin/../lib/gcc/arm-none-eabi/10.2.1/../../../../arm-none-eabi/lib/thumb/v7e-m/nofp\libstdc++.a(eh_alloc.o)
                0x0001bc60                __init_array_end = .
 *(.fini)
 .fini          0x0001bc60        0x4 c:/users/tummala.32/.vscode/extensions/chipcode-nl.gcc-arm-windows-1.0.1/bin/../lib/gcc/arm-none-eabi/10.2.1/thumb/v7e-m/nofp/crti.o
                0x0001bc60                _fini